Archive member included to satisfy reference by file (symbol)

C:/ST/STM32CubeIDE_1.13.2/STM32CubeIDE/plugins/com.st.stm32cube.ide.mcu.externaltools.gnu-tools-for-stm32.12.3.rel1.win32_1.0.100.202403111256/tools/bin/../lib/gcc/arm-none-eabi/12.3.1/../../../../arm-none-eabi/lib/thumb/v7e-m+fp/hard\libc_nano.a(libc_a-exit.o)
                              C:/ST/STM32CubeIDE_1.13.2/STM32CubeIDE/plugins/com.st.stm32cube.ide.mcu.externaltools.gnu-tools-for-stm32.12.3.rel1.win32_1.0.100.202403111256/tools/bin/../lib/gcc/arm-none-eabi/12.3.1/../../../../arm-none-eabi/lib/thumb/v7e-m+fp/hard/crt0.o (exit)
C:/ST/STM32CubeIDE_1.13.2/STM32CubeIDE/plugins/com.st.stm32cube.ide.mcu.externaltools.gnu-tools-for-stm32.12.3.rel1.win32_1.0.100.202403111256/tools/bin/../lib/gcc/arm-none-eabi/12.3.1/../../../../arm-none-eabi/lib/thumb/v7e-m+fp/hard\libc_nano.a(libc_a-findfp.o)
                              C:/ST/STM32CubeIDE_1.13.2/STM32CubeIDE/plugins/com.st.stm32cube.ide.mcu.externaltools.gnu-tools-for-stm32.12.3.rel1.win32_1.0.100.202403111256/tools/bin/../lib/gcc/arm-none-eabi/12.3.1/../../../../arm-none-eabi/lib/thumb/v7e-m+fp/hard\libc_nano.a(libc_a-exit.o) (__stdio_exit_handler)
C:/ST/STM32CubeIDE_1.13.2/STM32CubeIDE/plugins/com.st.stm32cube.ide.mcu.externaltools.gnu-tools-for-stm32.12.3.rel1.win32_1.0.100.202403111256/tools/bin/../lib/gcc/arm-none-eabi/12.3.1/../../../../arm-none-eabi/lib/thumb/v7e-m+fp/hard\libc_nano.a(libc_a-fwalk.o)
                              C:/ST/STM32CubeIDE_1.13.2/STM32CubeIDE/plugins/com.st.stm32cube.ide.mcu.externaltools.gnu-tools-for-stm32.12.3.rel1.win32_1.0.100.202403111256/tools/bin/../lib/gcc/arm-none-eabi/12.3.1/../../../../arm-none-eabi/lib/thumb/v7e-m+fp/hard\libc_nano.a(libc_a-findfp.o) (_fwalk_sglue)
C:/ST/STM32CubeIDE_1.13.2/STM32CubeIDE/plugins/com.st.stm32cube.ide.mcu.externaltools.gnu-tools-for-stm32.12.3.rel1.win32_1.0.100.202403111256/tools/bin/../lib/gcc/arm-none-eabi/12.3.1/../../../../arm-none-eabi/lib/thumb/v7e-m+fp/hard\libc_nano.a(libc_a-stdio.o)
                              C:/ST/STM32CubeIDE_1.13.2/STM32CubeIDE/plugins/com.st.stm32cube.ide.mcu.externaltools.gnu-tools-for-stm32.12.3.rel1.win32_1.0.100.202403111256/tools/bin/../lib/gcc/arm-none-eabi/12.3.1/../../../../arm-none-eabi/lib/thumb/v7e-m+fp/hard\libc_nano.a(libc_a-findfp.o) (__sread)
C:/ST/STM32CubeIDE_1.13.2/STM32CubeIDE/plugins/com.st.stm32cube.ide.mcu.externaltools.gnu-tools-for-stm32.12.3.rel1.win32_1.0.100.202403111256/tools/bin/../lib/gcc/arm-none-eabi/12.3.1/../../../../arm-none-eabi/lib/thumb/v7e-m+fp/hard\libc_nano.a(libc_a-memset.o)
                              C:/ST/STM32CubeIDE_1.13.2/STM32CubeIDE/plugins/com.st.stm32cube.ide.mcu.externaltools.gnu-tools-for-stm32.12.3.rel1.win32_1.0.100.202403111256/tools/bin/../lib/gcc/arm-none-eabi/12.3.1/../../../../arm-none-eabi/lib/thumb/v7e-m+fp/hard/crt0.o (memset)
C:/ST/STM32CubeIDE_1.13.2/STM32CubeIDE/plugins/com.st.stm32cube.ide.mcu.externaltools.gnu-tools-for-stm32.12.3.rel1.win32_1.0.100.202403111256/tools/bin/../lib/gcc/arm-none-eabi/12.3.1/../../../../arm-none-eabi/lib/thumb/v7e-m+fp/hard\libc_nano.a(libc_a-closer.o)
                              C:/ST/STM32CubeIDE_1.13.2/STM32CubeIDE/plugins/com.st.stm32cube.ide.mcu.externaltools.gnu-tools-for-stm32.12.3.rel1.win32_1.0.100.202403111256/tools/bin/../lib/gcc/arm-none-eabi/12.3.1/../../../../arm-none-eabi/lib/thumb/v7e-m+fp/hard\libc_nano.a(libc_a-stdio.o) (_close_r)
C:/ST/STM32CubeIDE_1.13.2/STM32CubeIDE/plugins/com.st.stm32cube.ide.mcu.externaltools.gnu-tools-for-stm32.12.3.rel1.win32_1.0.100.202403111256/tools/bin/../lib/gcc/arm-none-eabi/12.3.1/../../../../arm-none-eabi/lib/thumb/v7e-m+fp/hard\libc_nano.a(libc_a-reent.o)
                              C:/ST/STM32CubeIDE_1.13.2/STM32CubeIDE/plugins/com.st.stm32cube.ide.mcu.externaltools.gnu-tools-for-stm32.12.3.rel1.win32_1.0.100.202403111256/tools/bin/../lib/gcc/arm-none-eabi/12.3.1/../../../../arm-none-eabi/lib/thumb/v7e-m+fp/hard\libc_nano.a(libc_a-closer.o) (errno)
C:/ST/STM32CubeIDE_1.13.2/STM32CubeIDE/plugins/com.st.stm32cube.ide.mcu.externaltools.gnu-tools-for-stm32.12.3.rel1.win32_1.0.100.202403111256/tools/bin/../lib/gcc/arm-none-eabi/12.3.1/../../../../arm-none-eabi/lib/thumb/v7e-m+fp/hard\libc_nano.a(libc_a-impure.o)
                              C:/ST/STM32CubeIDE_1.13.2/STM32CubeIDE/plugins/com.st.stm32cube.ide.mcu.externaltools.gnu-tools-for-stm32.12.3.rel1.win32_1.0.100.202403111256/tools/bin/../lib/gcc/arm-none-eabi/12.3.1/../../../../arm-none-eabi/lib/thumb/v7e-m+fp/hard\libc_nano.a(libc_a-reent.o) (_impure_ptr)
C:/ST/STM32CubeIDE_1.13.2/STM32CubeIDE/plugins/com.st.stm32cube.ide.mcu.externaltools.gnu-tools-for-stm32.12.3.rel1.win32_1.0.100.202403111256/tools/bin/../lib/gcc/arm-none-eabi/12.3.1/../../../../arm-none-eabi/lib/thumb/v7e-m+fp/hard\libc_nano.a(libc_a-lseekr.o)
[...]
Memory Configuration

Name             Origin             Length             Attributes
RAM              0x20000000         0x00020000         xrw
FLASH            0x08000000         0x00080000         xr
*default*        0x00000000         0xffffffff

Linker script and memory map

LOAD C:/ST/STM32CubeIDE_1.13.2/STM32CubeIDE/plugins/com.st.stm32cube.ide.mcu.externaltools.gnu-tools-for-stm32.12.3.rel1.win32_1.0.100.202403111256/tools/bin/../lib/gcc/arm-none-eabi/12.3.1/thumb/v7e-m+fp/hard/crti.o
LOAD C:/ST/STM32CubeIDE_1.13.2/STM32CubeIDE/plugins/com.st.stm32cube.ide.mcu.externaltools.gnu-tools-for-stm32.12.3.rel1.win32_1.0.100.202403111256/tools/bin/../lib/gcc/arm-none-eabi/12.3.1/thumb/v7e-m+fp/hard/crtbegin.o
LOAD C:/ST/STM32CubeIDE_1.13.2/STM32CubeIDE/plugins/com.st.stm32cube.ide.mcu.externaltools.gnu-tools-for-stm32.12.3.rel1.win32_1.0.100.202403111256/tools/bin/../lib/gcc/arm-none-eabi/12.3.1/../../../../arm-none-eabi/lib/thumb/v7e-m+fp/hard/crt0.o
LOAD ./Core/Src/BaseSystem.o
LOAD ./Core/Src/Encoder_AMT.o
LOAD ./Core/Src/ModBusRTU.o
LOAD ./Core/Src/Motor.o
LOAD ./Core/Src/PID_controller.o
LOAD ./Core/Src/PS2.o
LOAD ./Core/Src/Trapezoidal.o
LOAD ./Core/Src/kalman.o
LOAD ./Core/Src/main.o
LOAD ./Core/Src/stm32g4xx_hal_msp.o
LOAD ./Core/Src/stm32g4xx_it.o
LOAD ./Core/Src/syscalls.o
LOAD ./Core/Src/sysmem.o
LOAD ./Core/Src/system_stm32g4xx.o
LOAD ./Core/Startup/startup_stm32g474retx.o
LOAD ./Drivers/STM32G4xx_HAL_Driver/Src/stm32g4xx_hal.o
LOAD ./Drivers/STM32G4xx_HAL_Driver/Src/stm32g4xx_hal_adc.o
LOAD ./Drivers/STM32G4xx_HAL_Driver/Src/stm32g4xx_hal_adc_ex.o
LOAD ./Drivers/STM32G4xx_HAL_Driver/Src/stm32g4xx_hal_cortex.o
LOAD ./Drivers/STM32G4xx_HAL_Driver/Src/stm32g4xx_hal_dma.o
LOAD ./Drivers/STM32G4xx_HAL_Driver/Src/stm32g4xx_hal_dma_ex.o
LOAD ./Drivers/STM32G4xx_HAL_Driver/Src/stm32g4xx_hal_exti.o
LOAD ./Drivers/STM32G4xx_HAL_Driver/Src/stm32g4xx_hal_flash.o
LOAD ./Drivers/STM32G4xx_HAL_Driver/Src/stm32g4xx_hal_flash_ex.o
LOAD ./Drivers/STM32G4xx_HAL_Driver/Src/stm32g4xx_hal_flash_ramfunc.o
LOAD ./Drivers/STM32G4xx_HAL_Driver/Src/stm32g4xx_hal_gpio.o
LOAD ./Drivers/STM32G4xx_HAL_Driver/Src/stm32g4xx_hal_pwr.o
LOAD ./Drivers/STM32G4xx_HAL_Driver/Src/stm32g4xx_hal_pwr_ex.o
LOAD ./Drivers/STM32G4xx_HAL_Driver/Src/stm32g4xx_hal_rcc.o
LOAD ./Drivers/STM32G4xx_HAL_Driver/Src/stm32g4xx_hal_rcc_ex.o
LOAD ./Drivers/STM32G4xx_HAL_Driver/Src/stm32g4xx_hal_tim.o
LOAD ./Drivers/STM32G4xx_HAL_Driver/Src/stm32g4xx_hal_tim_ex.o
LOAD ./Drivers/STM32G4xx_HAL_Driver/Src/stm32g4xx_hal_uart.o
LOAD ./Drivers/STM32G4xx_HAL_Driver/Src/stm32g4xx_hal_uart_ex.o
LOAD ./Drivers/STM32G4xx_HAL_Driver/Src/stm32g4xx_ll_adc.o
START GROUP
LOAD C:/ST/STM32CubeIDE_1.13.2/STM32CubeIDE/plugins/com.st.stm32cube.ide.mcu.externaltools.gnu-tools-for-stm32.12.3.rel1.win32_1.0.100.202403111256/tools/bin/../lib/gcc/arm-none-eabi/12.3.1/../../../../arm-none-eabi/lib/thumb/v7e-m+fp/hard\libc_nano.a
LOAD C:/ST/STM32CubeIDE_1.13.2/STM32CubeIDE/plugins/com.st.stm32cube.ide.mcu.externaltools.gnu-tools-for-stm32.12.3.rel1.win32_1.0.100.202403111256/tools/bin/../lib/gcc/arm-none-eabi/12.3.1/../../../../arm-none-eabi/lib/thumb/v7e-m+fp/hard\libm.a
END GROUP
START GROUP
LOAD C:/ST/STM32CubeIDE_1.13.2/STM32CubeIDE/plugins/com.st.stm32cube.ide.mcu.externaltools.gnu-tools-for-stm32.12.3.rel1.win32_1.0.100.202403111256/tools/bin/../lib/gcc/arm-none-eabi/12.3.1/thumb/v7e-m+fp/hard\libgcc.a
LOAD C:/ST/STM32CubeIDE_1.13.2/STM32CubeIDE/plugins/com.st.stm32cube.ide.mcu.externaltools.gnu-tools-for-stm32.12.3.rel1.win32_1.0.100.202403111256/tools/bin/../lib/gcc/arm-none-eabi/12.3.1/../../../../arm-none-eabi/lib/thumb/v7e-m+fp/hard\libc_nano.a
END GROUP
START GROUP
LOAD C:/ST/STM32CubeIDE_1.13.2/STM32CubeIDE/plugins/com.st.stm32cube.ide.mcu.externaltools.gnu-tools-for-stm32.12.3.rel1.win32_1.0.100.202403111256/tools/bin/../lib/gcc/arm-none-eabi/12.3.1/thumb/v7e-m+fp/hard\libgcc.a
LOAD C:/ST/STM32CubeIDE_1.13.2/STM32CubeIDE/plugins/com.st.stm32cube.ide.mcu.externaltools.gnu-tools-for-stm32.12.3.rel1.win32_1.0.100.202403111256/tools/bin/../lib/gcc/arm-none-eabi/12.3.1/../../../../arm-none-eabi/lib/thumb/v7e-m+fp/hard\libc_nano.a
LOAD C:/ST/STM32CubeIDE_1.13.2/STM32CubeIDE/plugins/com.st.stm32cube.ide.mcu.externaltools.gnu-tools-for-stm32.12.3.rel1.win32_1.0.100.202403111256/tools/bin/../lib/gcc/arm-none-eabi/12.3.1/../../../../arm-none-eabi/lib/thumb/v7e-m+fp/hard\libnosys.a
END GROUP
START GROUP
LOAD C:/ST/STM32CubeIDE_1.13.2/STM32CubeIDE/plugins/com.st.stm32cube.ide.mcu.externaltools.gnu-tools-for-stm32.12.3.rel1.win32_1.0.100.202403111256/tools/bin/../lib/gcc/arm-none-eabi/12.3.1/thumb/v7e-m+fp/hard\libgcc.a
LOAD C:/ST/STM32CubeIDE_1.13.2/STM32CubeIDE/plugins/com.st.stm32cube.ide.mcu.externaltools.gnu-tools-for-stm32.12.3.rel1.win32_1.0.100.202403111256/tools/bin/../lib/gcc/arm-none-eabi/12.3.1/../../../../arm-none-eabi/lib/thumb/v7e-m+fp/hard\libc_nano.a
LOAD C:/ST/STM32CubeIDE_1.13.2/STM32CubeIDE/plugins/com.st.stm32cube.ide.mcu.externaltools.gnu-tools-for-stm32.12.3.rel1.win32_1.0.100.202403111256/tools/bin/../lib/gcc/arm-none-eabi/12.3.1/../../../../arm-none-eabi/lib/thumb/v7e-m+fp/hard\libnosys.a
END GROUP
LOAD C:/ST/STM32CubeIDE_1.13.2/STM32CubeIDE/plugins/com.st.stm32cube.ide.mcu.externaltools.gnu-tools-for-stm32.12.3.rel1.win32_1.0.100.202403111256/tools/bin/../lib/gcc/arm-none-eabi/12.3.1/thumb/v7e-m+fp/hard/crtend.o
LOAD C:/ST/STM32CubeIDE_1.13.2/STM32CubeIDE/plugins/com.st.stm32cube.ide.mcu.externaltools.gnu-tools-for-stm32.12.3.rel1.win32_1.0.100.202403111256/tools/bin/../lib/gcc/arm-none-eabi/12.3.1/thumb/v7e-m+fp/hard/crtn.o
                0x20020000                        _estack = (ORIGIN (RAM) + LENGTH (RAM))
                0x00000200                        _Min_Heap_Size = 0x200
                0x00000400                        _Min_Stack_Size = 0x400

.isr_vector     0x08000000      0x1d8
                0x08000000                        . = ALIGN (0x4)
 *(.isr_vector)
 .isr_vector    0x08000000      0x1d8 ./Core/Startup/startup_stm32g474retx.o
                0x08000000                g_pfnVectors
                0x080001d8                        . = ALIGN (0x4)

.text           0x080001d8     0xbbe8
                0x080001d8                        . = ALIGN (0x4)
 *(.text)
 .text          0x080001d8       0x40 C:/ST/STM32CubeIDE_1.13.2/STM32CubeIDE/plugins/com.st.stm32cube.ide.mcu.externaltools.gnu-tools-for-stm32.12.3.rel1.win32_1.0.100.202403111256/tools/bin/../lib/gcc/arm-none-eabi/12.3.1/thumb/v7e-m+fp/hard/crtbegin.o
 .text          0x08000218      0x378 C:/ST/STM32CubeIDE_1.13.2/STM32CubeIDE/plugins/com.st.stm32cube.ide.mcu.externaltools.gnu-tools-for-stm32.12.3.rel1.win32_1.0.100.202403111256/tools/bin/../lib/gcc/arm-none-eabi/12.3.1/thumb/v7e-m+fp/hard\libgcc.a(_arm_addsubdf3.o)
                0x08000218                __aeabi_drsub
                0x08000220                __aeabi_dsub
                0x08000220                __subdf3
                0x08000224                __aeabi_dadd
                0x08000224                __adddf3
                0x0800049c                __floatunsidf
                0x0800049c                __aeabi_ui2d
                0x080004bc                __floatsidf
                0x080004bc                __aeabi_i2d
                0x080004e0                __aeabi_f2d
                0x080004e0                __extendsfdf2
                0x08000524                __floatundidf
                0x08000524                __aeabi_ul2d
                0x08000534                __floatdidf
                0x08000534                __aeabi_l2d
 .text          0x08000590      0x424 C:/ST/STM32CubeIDE_1.13.2/STM32CubeIDE/plugins/com.st.stm32cube.ide.mcu.externaltools.gnu-tools-for-stm32.12.3.rel1.win32_1.0.100.202403111256/tools/bin/../lib/gcc/arm-none-eabi/12.3.1/thumb/v7e-m+fp/hard\libgcc.a(_arm_muldivdf3.o)
                0x08000590                __aeabi_dmul
                0x08000590                __muldf3
                0x080007e4                __divdf3
                0x080007e4                __aeabi_ddiv
 .text          0x080009b4      0x110 C:/ST/STM32CubeIDE_1.13.2/STM32CubeIDE/plugins/com.st.stm32cube.ide.mcu.externaltools.gnu-tools-for-stm32.12.3.rel1.win32_1.0.100.202403111256/tools/bin/../lib/gcc/arm-none-eabi/12.3.1/thumb/v7e-m+fp/hard\libgcc.a(_arm_cmpdf2.o)
                0x080009b4                __gtdf2
                0x080009b4                __gedf2
                0x080009bc                __ltdf2
                0x080009bc                __ledf2
                0x080009c4                __nedf2
                0x080009c4                __eqdf2
                0x080009c4                __cmpdf2
                0x08000a40                __aeabi_cdrcmple
                0x08000a50                __aeabi_cdcmpeq
                0x08000a50                __aeabi_cdcmple
                0x08000a60                __aeabi_dcmpeq
                0x08000a74                __aeabi_dcmplt
                0x08000a88                __aeabi_dcmple
                0x08000a9c                __aeabi_dcmpge
                0x08000ab0                __aeabi_dcmpgt
 .text          0x08000ac4       0x2c C:/ST/STM32CubeIDE_1.13.2/STM32CubeIDE/plugins/com.st.stm32cube.ide.mcu.externaltools.gnu-tools-for-stm32.12.3.rel1.win32_1.0.100.202403111256/tools/bin/../lib/gcc/arm-none-eabi/12.3.1/thumb/v7e-m+fp/hard\libgcc.a(_arm_unorddf2.o)
                0x08000ac4                __unorddf2
                0x08000ac4                __aeabi_dcmpun
 .text          0x08000af0       0xa0 C:/ST/STM32CubeIDE_1.13.2/STM32CubeIDE/plugins/com.st.stm32cube.ide.mcu.externaltools.gnu-tools-for-stm32.12.3.rel1.win32_1.0.100.202403111256/tools/bin/../lib/gcc/arm-none-eabi/12.3.1/thumb/v7e-m+fp/hard\libgcc.a(_arm_truncdfsf2.o)
                0x08000af0                __truncdfsf2
                0x08000af0                __aeabi_d2f
 .text          0x08000b90      0x21c C:/ST/STM32CubeIDE_1.13.2/STM32CubeIDE/plugins/com.st.stm32cube.ide.mcu.externaltools.gnu-tools-for-stm32.12.3.rel1.win32_1.0.100.202403111256/tools/bin/../lib/gcc/arm-none-eabi/12.3.1/thumb/v7e-m+fp/hard\libgcc.a(_arm_addsubsf3.o)
                0x08000b90                __aeabi_frsub
                0x08000b98                __subsf3
                0x08000b98                __aeabi_fsub
                0x08000b9c                __aeabi_fadd
                0x08000b9c                __addsf3
                0x08000cfc                __aeabi_ui2f
                0x08000cfc                __floatunsisf
                0x08000d04                __aeabi_i2f
                0x08000d04                __floatsisf
                0x08000d20                __aeabi_ul2f
                0x08000d20                __floatundisf
                0x08000d30                __aeabi_l2f
                0x08000d30                __floatdisf
 .text          0x08000dac       0x30 C:/ST/STM32CubeIDE_1.13.2/STM32CubeIDE/plugins/com.st.stm32cube.ide.mcu.externaltools.gnu-tools-for-stm32.12.3.rel1.win32_1.0.100.202403111256/tools/bin/../lib/gcc/arm-none-eabi/12.3.1/thumb/v7e-m+fp/hard\libgcc.a(_aeabi_uldivmod.o)
                0x08000dac                __aeabi_uldivmod
 .text          0x08000ddc       0x3c C:/ST/STM32CubeIDE_1.13.2/STM32CubeIDE/plugins/com.st.stm32cube.ide.mcu.externaltools.gnu-tools-for-stm32.12.3.rel1.win32_1.0.100.202403111256/tools/bin/../lib/gcc/arm-none-eabi/12.3.1/thumb/v7e-m+fp/hard\libgcc.a(_fixunsdfdi.o)
                0x08000ddc                __fixunsdfdi
                0x08000ddc                __aeabi_d2ulz
 .text          0x08000e18      0x2bc C:/ST/STM32CubeIDE_1.13.2/STM32CubeIDE/plugins/com.st.stm32cube.ide.mcu.externaltools.gnu-tools-for-stm32.12.3.rel1.win32_1.0.100.202403111256/tools/bin/../lib/gcc/arm-none-eabi/12.3.1/thumb/v7e-m+fp/hard\libgcc.a(_udivmoddi4.o)
                0x08000e18                __udivmoddi4
 .text          0x080010d4        0x4 C:/ST/STM32CubeIDE_1.13.2/STM32CubeIDE/plugins/com.st.stm32cube.ide.mcu.externaltools.gnu-tools-for-stm32.12.3.rel1.win32_1.0.100.202403111256/tools/bin/../lib/gcc/arm-none-eabi/12.3.1/thumb/v7e-m+fp/hard\libgcc.a(_dvmd_tls.o)
                0x080010d4                __aeabi_idiv0
                0x080010d4                __aeabi_ldiv0
 .text          0x080010d8       0x40 C:/ST/STM32CubeIDE_1.13.2/STM32CubeIDE/plugins/com.st.stm32cube.ide.mcu.externaltools.gnu-tools-for-stm32.12.3.rel1.win32_1.0.100.202403111256/tools/bin/../lib/gcc/arm-none-eabi/12.3.1/thumb/v7e-m+fp/hard\libgcc.a(_arm_fixunsdfsi.o)
                0x080010d8                __aeabi_d2uiz
                0x080010d8                __fixunsdfsi
 *(.text*)
 .text.easyCase
                0x08001118       0x34 ./Core/Src/BaseSystem.o
                0x08001118                easyCase
 .text.Heartbeat
                0x0800114c       0x1c ./Core/Src/BaseSystem.o
                0x0800114c                Heartbeat
 .text.Routine  0x08001168       0xb4 ./Core/Src/BaseSystem.o
                0x08001168                Routine
 .text.Vacuum   0x0800121c       0x28 ./Core/Src/BaseSystem.o
                0x0800121c                Vacuum
 .text.GripperMovement
                0x08001244       0x50 ./Core/Src/BaseSystem.o
                0x08001244                GripperMovement
 .text.SetShelves
                0x08001294      0x114 ./Core/Src/BaseSystem.o
                0x08001294                SetShelves
 .text.RunPoint
                0x080013a8      0x124 ./Core/Src/BaseSystem.o
                0x080013a8                RunPoint
 *fill*         0x080014cc        0x4 
 .text.SetHome  0x080014d0       0xf4 ./Core/Src/BaseSystem.o
                0x080014d0                SetHome
 *fill*         0x080015c4        0x4 
 .text.RunJog   0x080015c8      0x798 ./Core/Src/BaseSystem.o
                0x080015c8                RunJog
 .text.Holding_position
                0x08001d60       0x54 ./Core/Src/BaseSystem.o
                0x08001d60                Holding_position
 .text.AMT_encoder_init
                0x08001db4       0x30 ./Core/Src/Encoder_AMT.o
                0x08001db4                AMT_encoder_init
 *fill*         0x08001de4        0x4 
 .text.AMT_encoder_update
                0x08001de8      0x29c ./Core/Src/Encoder_AMT.o
                0x08001de8                AMT_encoder_update
 .text.AMT_encoder_reset
                0x08002084       0x20 ./Core/Src/Encoder_AMT.o
                0x08002084                AMT_encoder_reset
 .text.modbus_1t5_Timeout
                0x080020a4       0x40 ./Core/Src/ModBusRTU.o
                0x080020a4                modbus_1t5_Timeout
 .text.modbus_3t5_Timeout
                0x080020e4       0x20 ./Core/Src/ModBusRTU.o
                0x080020e4                modbus_3t5_Timeout
 .text.modbus_ErrorTimeout
                0x08002104       0x20 ./Core/Src/ModBusRTU.o
                0x08002104                modbus_ErrorTimeout
 .text.Modbus_init
                0x08002124       0xac ./Core/Src/ModBusRTU.o
                0x08002124                Modbus_init
 .text.CRC16    0x080021d0       0x6c ./Core/Src/ModBusRTU.o
                0x080021d0                CRC16
 .text.Modbus_Protocal_Worker
                0x0800223c      0x204 ./Core/Src/ModBusRTU.o
                0x0800223c                Modbus_Protocal_Worker
 .text.modbusWrite1Register
                0x08002440       0x80 ./Core/Src/ModBusRTU.o
                0x08002440                modbusWrite1Register
 .text.modbusRead1Register
                0x080024c0       0xec ./Core/Src/ModBusRTU.o
                0x080024c0                modbusRead1Register
 .text.ModbusErrorReply
                0x080025ac       0x44 ./Core/Src/ModBusRTU.o
                0x080025ac                ModbusErrorReply
 .text.Modbus_frame_response
                0x080025f0       0x30 ./Core/Src/ModBusRTU.o
                0x080025f0                Modbus_frame_response
 .text.Modbus_Emission
                0x08002620       0xec ./Core/Src/ModBusRTU.o
                0x08002620                Modbus_Emission
 .text.MOTOR_init
                0x0800270c       0x52 ./Core/Src/Motor.o
                0x0800270c                MOTOR_init
 *fill*         0x0800275e        0x2 
 .text.MOTOR_set_duty
                0x08002760      0x404 ./Core/Src/Motor.o
                0x08002760                MOTOR_set_duty
 .text.PID_controller_init
                0x08002b64       0x52 ./Core/Src/PID_controller.o
                0x08002b64                PID_controller_init
 *fill*         0x08002bb6        0x2 
 .text.PID_controller_calculate_pos
                0x08002bb8      0x174 ./Core/Src/PID_controller.o
                0x08002bb8                PID_controller_calculate_pos
 .text.PID_controller_calculate_velo
                0x08002d2c      0x184 ./Core/Src/PID_controller.o
                0x08002d2c                PID_controller_calculate_velo
 .text.PID_controller_cascade
                0x08002eb0       0x36 ./Core/Src/PID_controller.o
                0x08002eb0                PID_controller_cascade
 *fill*         0x08002ee6        0x2 
 .text.PS2X_Reader
                0x08002ee8      0x1b4 ./Core/Src/PS2.o
                0x08002ee8                PS2X_Reader
 .text.handle_shelve_mode
                0x0800309c       0xd8 ./Core/Src/PS2.o
                0x0800309c                handle_shelve_mode
 .text.handle_PIDPos_adjustment
                0x08003174       0x70 ./Core/Src/PS2.o
                0x08003174                handle_PIDPos_adjustment
 .text.Traject_init
                0x080031e4       0x40 ./Core/Src/Trapezoidal.o
                0x080031e4                Traject_init
 .text.Traject  0x08003224      0x4c4 ./Core/Src/Trapezoidal.o
                0x08003224                Traject
 .text.kalman_filter_init
                0x080036e8       0x50 ./Core/Src/kalman.o
                0x080036e8                kalman_filter_init
 .text.kalman_filter
                0x08003738       0xb8 ./Core/Src/kalman.o
                0x08003738                kalman_filter
 .text.main     0x080037f0      0x1f8 ./Core/Src/main.o
                0x080037f0                main
 .text.SystemClock_Config
                0x080039e8       0x96 ./Core/Src/main.o
                0x080039e8                SystemClock_Config
 *fill*         0x08003a7e        0x2 
 .text.MX_ADC1_Init
                0x08003a80       0xf0 ./Core/Src/main.o
 .text.MX_TIM2_Init
                0x08003b70       0xa8 ./Core/Src/main.o
 .text.MX_TIM3_Init
                0x08003c18      0x104 ./Core/Src/main.o
 .text.MX_TIM4_Init
                0x08003d1c       0x9c ./Core/Src/main.o
 .text.MX_TIM5_Init
                0x08003db8       0x9c ./Core/Src/main.o
 .text.MX_TIM16_Init
                0x08003e54       0x60 ./Core/Src/main.o
 .text.MX_UART4_Init
                0x08003eb4       0x9c ./Core/Src/main.o
 .text.MX_USART2_UART_Init
                0x08003f50       0x9c ./Core/Src/main.o
 .text.MX_DMA_Init
                0x08003fec       0x64 ./Core/Src/main.o
 .text.MX_GPIO_Init
                0x08004050      0x154 ./Core/Src/main.o
 .text.HAL_TIM_PeriodElapsedCallback
                0x080041a4      0x2dc ./Core/Src/main.o
                0x080041a4                HAL_TIM_PeriodElapsedCallback
 .text.micros   0x08004480       0x34 ./Core/Src/main.o
                0x08004480                micros
 .text.Error_Handler
                0x080044b4        0xc ./Core/Src/main.o
                0x080044b4                Error_Handler
 .text.HAL_MspInit
                0x080044c0       0x48 ./Core/Src/stm32g4xx_hal_msp.o
                0x080044c0                HAL_MspInit
 .text.HAL_ADC_MspInit
                0x08004508       0xa8 ./Core/Src/stm32g4xx_hal_msp.o
                0x08004508                HAL_ADC_MspInit
 .text.HAL_TIM_Encoder_MspInit
                0x080045b0       0x80 ./Core/Src/stm32g4xx_hal_msp.o
                0x080045b0                HAL_TIM_Encoder_MspInit
 .text.HAL_TIM_Base_MspInit
                0x08004630       0xe4 ./Core/Src/stm32g4xx_hal_msp.o
                0x08004630                HAL_TIM_Base_MspInit
 .text.HAL_TIM_MspPostInit
                0x08004714       0x70 ./Core/Src/stm32g4xx_hal_msp.o
                0x08004714                HAL_TIM_MspPostInit
 .text.HAL_UART_MspInit
                0x08004784      0x1f8 ./Core/Src/stm32g4xx_hal_msp.o
                0x08004784                HAL_UART_MspInit
 .text.NMI_Handler
                0x0800497c        0x8 ./Core/Src/stm32g4xx_it.o
                0x0800497c                NMI_Handler
 .text.HardFault_Handler
                0x08004984        0x8 ./Core/Src/stm32g4xx_it.o
                0x08004984                HardFault_Handler
 .text.MemManage_Handler
                0x0800498c        0x8 ./Core/Src/stm32g4xx_it.o
                0x0800498c                MemManage_Handler
 .text.BusFault_Handler
                0x08004994        0x8 ./Core/Src/stm32g4xx_it.o
                0x08004994                BusFault_Handler
 .text.UsageFault_Handler
                0x0800499c        0x8 ./Core/Src/stm32g4xx_it.o
                0x0800499c                UsageFault_Handler
 .text.SVC_Handler
                0x080049a4        0xe ./Core/Src/stm32g4xx_it.o
                0x080049a4                SVC_Handler
 .text.DebugMon_Handler
                0x080049b2        0xe ./Core/Src/stm32g4xx_it.o
                0x080049b2                DebugMon_Handler
 .text.PendSV_Handler
                0x080049c0        0xe ./Core/Src/stm32g4xx_it.o
                0x080049c0                PendSV_Handler
 .text.SysTick_Handler
                0x080049ce        0xc ./Core/Src/stm32g4xx_it.o
                0x080049ce                SysTick_Handler
 *fill*         0x080049da        0x2 
 .text.DMA1_Channel1_IRQHandler
                0x080049dc       0x14 ./Core/Src/stm32g4xx_it.o
                0x080049dc                DMA1_Channel1_IRQHandler
 .text.DMA1_Channel2_IRQHandler
                0x080049f0       0x14 ./Core/Src/stm32g4xx_it.o
                0x080049f0                DMA1_Channel2_IRQHandler
 .text.TIM1_UP_TIM16_IRQHandler
                0x08004a04       0x14 ./Core/Src/stm32g4xx_it.o
                0x08004a04                TIM1_UP_TIM16_IRQHandler
 .text.TIM4_IRQHandler
                0x08004a18       0x14 ./Core/Src/stm32g4xx_it.o
                0x08004a18                TIM4_IRQHandler
 .text.USART2_IRQHandler
                0x08004a2c       0x14 ./Core/Src/stm32g4xx_it.o
                0x08004a2c                USART2_IRQHandler
 .text.EXTI15_10_IRQHandler
                0x08004a40       0x10 ./Core/Src/stm32g4xx_it.o
                0x08004a40                EXTI15_10_IRQHandler
 .text.TIM5_IRQHandler
                0x08004a50       0x14 ./Core/Src/stm32g4xx_it.o
                0x08004a50                TIM5_IRQHandler
 .text.SystemInit
                0x08004a64       0x24 ./Core/Src/system_stm32g4xx.o
                0x08004a64                SystemInit
 .text.Reset_Handler
                0x08004a88       0x50 ./Core/Startup/startup_stm32g474retx.o
                0x08004a88                Reset_Handler
 .text.Default_Handler
                0x08004ad8        0x2 ./Core/Startup/startup_stm32g474retx.o
                0x08004ad8                RTC_Alarm_IRQHandler
                0x08004ad8                EXTI2_IRQHandler
                0x08004ad8                TIM8_TRG_COM_IRQHandler
                0x08004ad8                TIM8_CC_IRQHandler
                0x08004ad8                HRTIM1_Master_IRQHandler
                0x08004ad8                SPI4_IRQHandler
                0x08004ad8                FDCAN3_IT0_IRQHandler
                0x08004ad8                TIM1_CC_IRQHandler
                0x08004ad8                HRTIM1_FLT_IRQHandler
                0x08004ad8                HRTIM1_TIMF_IRQHandler
                0x08004ad8                USB_HP_IRQHandler
                0x08004ad8                CORDIC_IRQHandler
                0x08004ad8                HRTIM1_TIMD_IRQHandler
                0x08004ad8                DMA2_Channel8_IRQHandler
                0x08004ad8                EXTI3_IRQHandler
                0x08004ad8                I2C3_ER_IRQHandler
                0x08004ad8                EXTI0_IRQHandler
                0x08004ad8                I2C2_EV_IRQHandler
                0x08004ad8                FPU_IRQHandler
                0x08004ad8                FDCAN1_IT1_IRQHandler
                0x08004ad8                ADC1_2_IRQHandler
                0x08004ad8                HRTIM1_TIME_IRQHandler
                0x08004ad8                SPI1_IRQHandler
                0x08004ad8                TIM6_DAC_IRQHandler
                0x08004ad8                HRTIM1_TIMC_IRQHandler
                0x08004ad8                TIM8_UP_IRQHandler
                0x08004ad8                DMA2_Channel2_IRQHandler
                0x08004ad8                DMA1_Channel4_IRQHandler
                0x08004ad8                TIM20_TRG_COM_IRQHandler
                0x08004ad8                USART3_IRQHandler
                0x08004ad8                DMA1_Channel7_IRQHandler
                0x08004ad8                UART5_IRQHandler
                0x08004ad8                ADC3_IRQHandler
                0x08004ad8                DMA2_Channel1_IRQHandler
                0x08004ad8                QUADSPI_IRQHandler
                0x08004ad8                I2C1_EV_IRQHandler
                0x08004ad8                DMA1_Channel6_IRQHandler
                0x08004ad8                UART4_IRQHandler
                0x08004ad8                DMA2_Channel4_IRQHandler
                0x08004ad8                TIM3_IRQHandler
                0x08004ad8                RCC_IRQHandler
                0x08004ad8                TIM20_UP_IRQHandler
                0x08004ad8                Default_Handler
                0x08004ad8                DMA2_Channel7_IRQHandler
                0x08004ad8                RTC_TAMP_LSECSS_IRQHandler
                0x08004ad8                FMAC_IRQHandler
                0x08004ad8                DMA1_Channel8_IRQHandler
                0x08004ad8                HRTIM1_TIMA_IRQHandler
                0x08004ad8                TIM7_DAC_IRQHandler
                0x08004ad8                FDCAN3_IT1_IRQHandler
                0x08004ad8                UCPD1_IRQHandler
                0x08004ad8                I2C3_EV_IRQHandler
                0x08004ad8                EXTI9_5_IRQHandler
                0x08004ad8                RTC_WKUP_IRQHandler
                0x08004ad8                PVD_PVM_IRQHandler
                0x08004ad8                SPI2_IRQHandler
                0x08004ad8                ADC5_IRQHandler
                0x08004ad8                DMA2_Channel5_IRQHandler
                0x08004ad8                CRS_IRQHandler
                0x08004ad8                DMA1_Channel5_IRQHandler
                0x08004ad8                USB_LP_IRQHandler
                0x08004ad8                EXTI4_IRQHandler
                0x08004ad8                RNG_IRQHandler
                0x08004ad8                HRTIM1_TIMB_IRQHandler
                0x08004ad8                TIM1_TRG_COM_TIM17_IRQHandler
                0x08004ad8                FDCAN2_IT1_IRQHandler
                0x08004ad8                DMA1_Channel3_IRQHandler
                0x08004ad8                ADC4_IRQHandler
                0x08004ad8                WWDG_IRQHandler
                0x08004ad8                I2C4_EV_IRQHandler
                0x08004ad8                FDCAN2_IT0_IRQHandler
                0x08004ad8                LPUART1_IRQHandler
                0x08004ad8                DMA2_Channel6_IRQHandler
                0x08004ad8                FDCAN1_IT0_IRQHandler
                0x08004ad8                TIM2_IRQHandler
                0x08004ad8                COMP7_IRQHandler
                0x08004ad8                COMP1_2_3_IRQHandler
                0x08004ad8                EXTI1_IRQHandler
                0x08004ad8                COMP4_5_6_IRQHandler
                0x08004ad8                TIM20_BRK_IRQHandler
                0x08004ad8                I2C2_ER_IRQHandler
                0x08004ad8                TIM8_BRK_IRQHandler
                0x08004ad8                FLASH_IRQHandler
                0x08004ad8                TIM20_CC_IRQHandler
                0x08004ad8                USART1_IRQHandler
                0x08004ad8                SPI3_IRQHandler
                0x08004ad8                I2C1_ER_IRQHandler
                0x08004ad8                FMC_IRQHandler
                0x08004ad8                LPTIM1_IRQHandler
                0x08004ad8                DMAMUX_OVR_IRQHandler
                0x08004ad8                I2C4_ER_IRQHandler
                0x08004ad8                USBWakeUp_IRQHandler
                0x08004ad8                SAI1_IRQHandler
                0x08004ad8                DMA2_Channel3_IRQHandler
                0x08004ad8                TIM1_BRK_TIM15_IRQHandler
 .text.HAL_Init
                0x08004ada       0x30 ./Drivers/STM32G4xx_HAL_Driver/Src/stm32g4xx_hal.o
                0x08004ada                HAL_Init
 *fill*         0x08004b0a        0x2 
 .text.HAL_InitTick
                0x08004b0c       0x74 ./Drivers/STM32G4xx_HAL_Driver/Src/stm32g4xx_hal.o
                0x08004b0c                HAL_InitTick
 .text.HAL_IncTick
                0x08004b80       0x24 ./Drivers/STM32G4xx_HAL_Driver/Src/stm32g4xx_hal.o
                0x08004b80                HAL_IncTick
 .text.HAL_GetTick
                0x08004ba4       0x18 ./Drivers/STM32G4xx_HAL_Driver/Src/stm32g4xx_hal.o
                0x08004ba4                HAL_GetTick
 .text.LL_ADC_SetCommonClock
                0x08004bbc       0x26 ./Drivers/STM32G4xx_HAL_Driver/Src/stm32g4xx_hal_adc.o
 .text.LL_ADC_SetCommonPathInternalCh
                0x08004be2       0x26 ./Drivers/STM32G4xx_HAL_Driver/Src/stm32g4xx_hal_adc.o
 .text.LL_ADC_GetCommonPathInternalCh
                0x08004c08       0x1c ./Drivers/STM32G4xx_HAL_Driver/Src/stm32g4xx_hal_adc.o
 .text.LL_ADC_SetOffset
                0x08004c24       0x48 ./Drivers/STM32G4xx_HAL_Driver/Src/stm32g4xx_hal_adc.o
 .text.LL_ADC_GetOffsetChannel
                0x08004c6c       0x2c ./Drivers/STM32G4xx_HAL_Driver/Src/stm32g4xx_hal_adc.o
 .text.LL_ADC_SetOffsetState
                0x08004c98       0x36 ./Drivers/STM32G4xx_HAL_Driver/Src/stm32g4xx_hal_adc.o
 .text.LL_ADC_SetOffsetSign
                0x08004cce       0x36 ./Drivers/STM32G4xx_HAL_Driver/Src/stm32g4xx_hal_adc.o
 .text.LL_ADC_SetOffsetSaturation
                0x08004d04       0x36 ./Drivers/STM32G4xx_HAL_Driver/Src/stm32g4xx_hal_adc.o
 .text.LL_ADC_SetSamplingTimeCommonConfig
                0x08004d3a       0x26 ./Drivers/STM32G4xx_HAL_Driver/Src/stm32g4xx_hal_adc.o
 .text.LL_ADC_REG_SetSequencerRanks
                0x08004d60       0x58 ./Drivers/STM32G4xx_HAL_Driver/Src/stm32g4xx_hal_adc.o
 .text.LL_ADC_SetChannelSamplingTime
                0x08004db8       0x56 ./Drivers/STM32G4xx_HAL_Driver/Src/stm32g4xx_hal_adc.o
 *fill*         0x08004e0e        0x2 
 .text.LL_ADC_SetChannelSingleDiff
                0x08004e10       0x48 ./Drivers/STM32G4xx_HAL_Driver/Src/stm32g4xx_hal_adc.o
 .text.LL_ADC_DisableDeepPowerDown
                0x08004e58       0x24 ./Drivers/STM32G4xx_HAL_Driver/Src/stm32g4xx_hal_adc.o
 .text.LL_ADC_IsDeepPowerDownEnabled
                0x08004e7c       0x28 ./Drivers/STM32G4xx_HAL_Driver/Src/stm32g4xx_hal_adc.o
 .text.LL_ADC_EnableInternalRegulator
                0x08004ea4       0x28 ./Drivers/STM32G4xx_HAL_Driver/Src/stm32g4xx_hal_adc.o
 .text.LL_ADC_IsInternalRegulatorEnabled
                0x08004ecc       0x28 ./Drivers/STM32G4xx_HAL_Driver/Src/stm32g4xx_hal_adc.o
 .text.LL_ADC_IsEnabled
                0x08004ef4       0x26 ./Drivers/STM32G4xx_HAL_Driver/Src/stm32g4xx_hal_adc.o
 .text.LL_ADC_REG_IsConversionOngoing
                0x08004f1a       0x26 ./Drivers/STM32G4xx_HAL_Driver/Src/stm32g4xx_hal_adc.o
 .text.LL_ADC_INJ_IsConversionOngoing
                0x08004f40       0x26 ./Drivers/STM32G4xx_HAL_Driver/Src/stm32g4xx_hal_adc.o
 *fill*         0x08004f66        0x2 
 .text.HAL_ADC_Init
                0x08004f68      0x378 ./Drivers/STM32G4xx_HAL_Driver/Src/stm32g4xx_hal_adc.o
                0x08004f68                HAL_ADC_Init
 .text.HAL_ADC_ConfigChannel
                0x080052e0      0x880 ./Drivers/STM32G4xx_HAL_Driver/Src/stm32g4xx_hal_adc.o
                0x080052e0                HAL_ADC_ConfigChannel
 .text.LL_ADC_IsEnabled
                0x08005b60       0x26 ./Drivers/STM32G4xx_HAL_Driver/Src/stm32g4xx_hal_adc_ex.o
 .text.LL_ADC_REG_IsConversionOngoing
                0x08005b86       0x26 ./Drivers/STM32G4xx_HAL_Driver/Src/stm32g4xx_hal_adc_ex.o
 .text.HAL_ADCEx_MultiModeConfigChannel
                0x08005bac      0x210 ./Drivers/STM32G4xx_HAL_Driver/Src/stm32g4xx_hal_adc_ex.o
                0x08005bac                HAL_ADCEx_MultiModeConfigChannel
 .text.__NVIC_SetPriorityGrouping
                0x08005dbc       0x48 ./Drivers/STM32G4xx_HAL_Driver/Src/stm32g4xx_hal_cortex.o
 .text.__NVIC_GetPriorityGrouping
                0x08005e04       0x1c ./Drivers/STM32G4xx_HAL_Driver/Src/stm32g4xx_hal_cortex.o
 .text.__NVIC_EnableIRQ
                0x08005e20       0x3c ./Drivers/STM32G4xx_HAL_Driver/Src/stm32g4xx_hal_cortex.o
 .text.__NVIC_SetPriority
                0x08005e5c       0x54 ./Drivers/STM32G4xx_HAL_Driver/Src/stm32g4xx_hal_cortex.o
 .text.NVIC_EncodePriority
                0x08005eb0       0x66 ./Drivers/STM32G4xx_HAL_Driver/Src/stm32g4xx_hal_cortex.o
 *fill*         0x08005f16        0x2 
 .text.SysTick_Config
                0x08005f18       0x44 ./Drivers/STM32G4xx_HAL_Driver/Src/stm32g4xx_hal_cortex.o
 .text.HAL_NVIC_SetPriorityGrouping
                0x08005f5c       0x16 ./Drivers/STM32G4xx_HAL_Driver/Src/stm32g4xx_hal_cortex.o
                0x08005f5c                HAL_NVIC_SetPriorityGrouping
 .text.HAL_NVIC_SetPriority
                0x08005f72       0x34 ./Drivers/STM32G4xx_HAL_Driver/Src/stm32g4xx_hal_cortex.o
                0x08005f72                HAL_NVIC_SetPriority
 .text.HAL_NVIC_EnableIRQ
                0x08005fa6       0x1c ./Drivers/STM32G4xx_HAL_Driver/Src/stm32g4xx_hal_cortex.o
                0x08005fa6                HAL_NVIC_EnableIRQ
 .text.HAL_SYSTICK_Config
                0x08005fc2       0x18 ./Drivers/STM32G4xx_HAL_Driver/Src/stm32g4xx_hal_cortex.o
                0x08005fc2                HAL_SYSTICK_Config
 *fill*         0x08005fda        0x2 
 .text.HAL_DMA_Init
                0x08005fdc      0x150 ./Drivers/STM32G4xx_HAL_Driver/Src/stm32g4xx_hal_dma.o
                0x08005fdc                HAL_DMA_Init
 .text.HAL_DMA_Start_IT
                0x0800612c       0xf6 ./Drivers/STM32G4xx_HAL_Driver/Src/stm32g4xx_hal_dma.o
                0x0800612c                HAL_DMA_Start_IT
 .text.HAL_DMA_Abort
                0x08006222       0xb2 ./Drivers/STM32G4xx_HAL_Driver/Src/stm32g4xx_hal_dma.o
                0x08006222                HAL_DMA_Abort
 .text.HAL_DMA_Abort_IT
                0x080062d4       0xce ./Drivers/STM32G4xx_HAL_Driver/Src/stm32g4xx_hal_dma.o
                0x080062d4                HAL_DMA_Abort_IT
 .text.HAL_DMA_IRQHandler
                0x080063a2      0x15e ./Drivers/STM32G4xx_HAL_Driver/Src/stm32g4xx_hal_dma.o
                0x080063a2                HAL_DMA_IRQHandler
 .text.DMA_SetConfig
                0x08006500       0x7c ./Drivers/STM32G4xx_HAL_Driver/Src/stm32g4xx_hal_dma.o
 .text.DMA_CalcDMAMUXChannelBaseAndMask
                0x0800657c       0x7c ./Drivers/STM32G4xx_HAL_Driver/Src/stm32g4xx_hal_dma.o
 .text.DMA_CalcDMAMUXRequestGenBaseAndMask
                0x080065f8       0x48 ./Drivers/STM32G4xx_HAL_Driver/Src/stm32g4xx_hal_dma.o
 .text.HAL_GPIO_Init
                0x08006640      0x304 ./Drivers/STM32G4xx_HAL_Driver/Src/stm32g4xx_hal_gpio.o
                0x08006640                HAL_GPIO_Init
 .text.HAL_GPIO_ReadPin
                0x08006944       0x30 ./Drivers/STM32G4xx_HAL_Driver/Src/stm32g4xx_hal_gpio.o
                0x08006944                HAL_GPIO_ReadPin
 .text.HAL_GPIO_WritePin
                0x08006974       0x30 ./Drivers/STM32G4xx_HAL_Driver/Src/stm32g4xx_hal_gpio.o
                0x08006974                HAL_GPIO_WritePin
 .text.HAL_GPIO_EXTI_IRQHandler
                0x080069a4       0x30 ./Drivers/STM32G4xx_HAL_Driver/Src/stm32g4xx_hal_gpio.o
                0x080069a4                HAL_GPIO_EXTI_IRQHandler
 .text.HAL_GPIO_EXTI_Callback
                0x080069d4       0x16 ./Drivers/STM32G4xx_HAL_Driver/Src/stm32g4xx_hal_gpio.o
                0x080069d4                HAL_GPIO_EXTI_Callback
 *fill*         0x080069ea        0x2 
 .text.HAL_PWREx_ControlVoltageScaling
                0x080069ec      0x148 ./Drivers/STM32G4xx_HAL_Driver/Src/stm32g4xx_hal_pwr_ex.o
                0x080069ec                HAL_PWREx_ControlVoltageScaling
 .text.HAL_PWREx_DisableUCPDDeadBattery
                0x08006b34       0x20 ./Drivers/STM32G4xx_HAL_Driver/Src/stm32g4xx_hal_pwr_ex.o
                0x08006b34                HAL_PWREx_DisableUCPDDeadBattery
 .text.HAL_RCC_OscConfig
                0x08006b54      0x624 ./Drivers/STM32G4xx_HAL_Driver/Src/stm32g4xx_hal_rcc.o
                0x08006b54                HAL_RCC_OscConfig
 .text.HAL_RCC_ClockConfig
                0x08007178      0x278 ./Drivers/STM32G4xx_HAL_Driver/Src/stm32g4xx_hal_rcc.o
                0x08007178                HAL_RCC_ClockConfig
 .text.HAL_RCC_GetSysClockFreq
                0x080073f0       0xc4 ./Drivers/STM32G4xx_HAL_Driver/Src/stm32g4xx_hal_rcc.o
                0x080073f0                HAL_RCC_GetSysClockFreq
 .text.HAL_RCC_GetHCLKFreq
                0x080074b4       0x18 ./Drivers/STM32G4xx_HAL_Driver/Src/stm32g4xx_hal_rcc.o
                0x080074b4                HAL_RCC_GetHCLKFreq
 .text.HAL_RCC_GetPCLK1Freq
                0x080074cc       0x2c ./Drivers/STM32G4xx_HAL_Driver/Src/stm32g4xx_hal_rcc.o
                0x080074cc                HAL_RCC_GetPCLK1Freq
 .text.HAL_RCC_GetPCLK2Freq
                0x080074f8       0x2c ./Drivers/STM32G4xx_HAL_Driver/Src/stm32g4xx_hal_rcc.o
                0x080074f8                HAL_RCC_GetPCLK2Freq
 .text.RCC_GetSysClockFreqFromPLLSource
                0x08007524       0x8c ./Drivers/STM32G4xx_HAL_Driver/Src/stm32g4xx_hal_rcc.o
 .text.HAL_RCCEx_PeriphCLKConfig
                0x080075b0      0x49c ./Drivers/STM32G4xx_HAL_Driver/Src/stm32g4xx_hal_rcc_ex.o
                0x080075b0                HAL_RCCEx_PeriphCLKConfig
 .text.HAL_TIM_Base_Init
                0x08007a4c       0xc8 ./Drivers/STM32G4xx_HAL_Driver/Src/stm32g4xx_hal_tim.o
                0x08007a4c                HAL_TIM_Base_Init
 .text.HAL_TIM_Base_Start
                0x08007b14       0xe0 ./Drivers/STM32G4xx_HAL_Driver/Src/stm32g4xx_hal_tim.o
                0x08007b14                HAL_TIM_Base_Start
 .text.HAL_TIM_Base_Start_IT
                0x08007bf4       0xf0 ./Drivers/STM32G4xx_HAL_Driver/Src/stm32g4xx_hal_tim.o
                0x08007bf4                HAL_TIM_Base_Start_IT
 .text.HAL_TIM_PWM_Init
                0x08007ce4       0xc8 ./Drivers/STM32G4xx_HAL_Driver/Src/stm32g4xx_hal_tim.o
                0x08007ce4                HAL_TIM_PWM_Init
 .text.HAL_TIM_PWM_MspInit
                0x08007dac       0x14 ./Drivers/STM32G4xx_HAL_Driver/Src/stm32g4xx_hal_tim.o
                0x08007dac                HAL_TIM_PWM_MspInit
 .text.HAL_TIM_PWM_Start_IT
                0x08007dc0      0x2c0 ./Drivers/STM32G4xx_HAL_Driver/Src/stm32g4xx_hal_tim.o
                0x08007dc0                HAL_TIM_PWM_Start_IT
 .text.HAL_TIM_OnePulse_Init
                0x08008080       0xbc ./Drivers/STM32G4xx_HAL_Driver/Src/stm32g4xx_hal_tim.o
                0x08008080                HAL_TIM_OnePulse_Init
 .text.HAL_TIM_OnePulse_MspInit
                0x0800813c       0x14 ./Drivers/STM32G4xx_HAL_Driver/Src/stm32g4xx_hal_tim.o
                0x0800813c                HAL_TIM_OnePulse_MspInit
 .text.HAL_TIM_OnePulse_Start_IT
                0x08008150      0x11c ./Drivers/STM32G4xx_HAL_Driver/Src/stm32g4xx_hal_tim.o
                0x08008150                HAL_TIM_OnePulse_Start_IT
 .text.HAL_TIM_Encoder_Init
                0x0800826c      0x168 ./Drivers/STM32G4xx_HAL_Driver/Src/stm32g4xx_hal_tim.o
                0x0800826c                HAL_TIM_Encoder_Init
 .text.HAL_TIM_Encoder_Start
                0x080083d4      0x11c ./Drivers/STM32G4xx_HAL_Driver/Src/stm32g4xx_hal_tim.o
                0x080083d4                HAL_TIM_Encoder_Start
 .text.HAL_TIM_IRQHandler
                0x080084f0      0x2f2 ./Drivers/STM32G4xx_HAL_Driver/Src/stm32g4xx_hal_tim.o
                0x080084f0                HAL_TIM_IRQHandler
 *fill*         0x080087e2        0x2 
 .text.HAL_TIM_PWM_ConfigChannel
                0x080087e4      0x228 ./Drivers/STM32G4xx_HAL_Driver/Src/stm32g4xx_hal_tim.o
                0x080087e4                HAL_TIM_PWM_ConfigChannel
 .text.HAL_TIM_ConfigClockSource
                0x08008a0c      0x22c ./Drivers/STM32G4xx_HAL_Driver/Src/stm32g4xx_hal_tim.o
                0x08008a0c                HAL_TIM_ConfigClockSource
 .text.HAL_TIM_PeriodElapsedHalfCpltCallback
                0x08008c38       0x14 ./Drivers/STM32G4xx_HAL_Driver/Src/stm32g4xx_hal_tim.o
                0x08008c38                HAL_TIM_PeriodElapsedHalfCpltCallback
 .text.HAL_TIM_OC_DelayElapsedCallback
                0x08008c4c       0x14 ./Drivers/STM32G4xx_HAL_Driver/Src/stm32g4xx_hal_tim.o
                0x08008c4c                HAL_TIM_OC_DelayElapsedCallback
 .text.HAL_TIM_IC_CaptureCallback
                0x08008c60       0x14 ./Drivers/STM32G4xx_HAL_Driver/Src/stm32g4xx_hal_tim.o
                0x08008c60                HAL_TIM_IC_CaptureCallback
 .text.HAL_TIM_IC_CaptureHalfCpltCallback
                0x08008c74       0x14 ./Drivers/STM32G4xx_HAL_Driver/Src/stm32g4xx_hal_tim.o
                0x08008c74                HAL_TIM_IC_CaptureHalfCpltCallback
 .text.HAL_TIM_PWM_PulseFinishedCallback
                0x08008c88       0x14 ./Drivers/STM32G4xx_HAL_Driver/Src/stm32g4xx_hal_tim.o
                0x08008c88                HAL_TIM_PWM_PulseFinishedCallback
 .text.HAL_TIM_PWM_PulseFinishedHalfCpltCallback
                0x08008c9c       0x14 ./Drivers/STM32G4xx_HAL_Driver/Src/stm32g4xx_hal_tim.o
                0x08008c9c                HAL_TIM_PWM_PulseFinishedHalfCpltCallback
 .text.HAL_TIM_TriggerCallback
                0x08008cb0       0x14 ./Drivers/STM32G4xx_HAL_Driver/Src/stm32g4xx_hal_tim.o
                0x08008cb0                HAL_TIM_TriggerCallback
 .text.HAL_TIM_TriggerHalfCpltCallback
                0x08008cc4       0x14 ./Drivers/STM32G4xx_HAL_Driver/Src/stm32g4xx_hal_tim.o
                0x08008cc4                HAL_TIM_TriggerHalfCpltCallback
 .text.HAL_TIM_ErrorCallback
                0x08008cd8       0x14 ./Drivers/STM32G4xx_HAL_Driver/Src/stm32g4xx_hal_tim.o
                0x08008cd8                HAL_TIM_ErrorCallback
 .text.HAL_TIM_RegisterCallback
                0x08008cec      0x2c0 ./Drivers/STM32G4xx_HAL_Driver/Src/stm32g4xx_hal_tim.o
                0x08008cec                HAL_TIM_RegisterCallback
 .text.TIM_Base_SetConfig
                0x08008fac      0x168 ./Drivers/STM32G4xx_HAL_Driver/Src/stm32g4xx_hal_tim.o
                0x08008fac                TIM_Base_SetConfig
 .text.TIM_OC1_SetConfig
                0x08009114      0x134 ./Drivers/STM32G4xx_HAL_Driver/Src/stm32g4xx_hal_tim.o
 .text.TIM_OC2_SetConfig
                0x08009248      0x128 ./Drivers/STM32G4xx_HAL_Driver/Src/stm32g4xx_hal_tim.o
                0x08009248                TIM_OC2_SetConfig
 .text.TIM_OC3_SetConfig
                0x08009370      0x124 ./Drivers/STM32G4xx_HAL_Driver/Src/stm32g4xx_hal_tim.o
 .text.TIM_OC4_SetConfig
                0x08009494      0x128 ./Drivers/STM32G4xx_HAL_Driver/Src/stm32g4xx_hal_tim.o
 .text.TIM_OC5_SetConfig
                0x080095bc       0xd4 ./Drivers/STM32G4xx_HAL_Driver/Src/stm32g4xx_hal_tim.o
 .text.TIM_OC6_SetConfig
                0x08009690       0xd8 ./Drivers/STM32G4xx_HAL_Driver/Src/stm32g4xx_hal_tim.o
 .text.TIM_TI1_ConfigInputStage
                0x08009768       0x5e ./Drivers/STM32G4xx_HAL_Driver/Src/stm32g4xx_hal_tim.o
 .text.TIM_TI2_ConfigInputStage
                0x080097c6       0x60 ./Drivers/STM32G4xx_HAL_Driver/Src/stm32g4xx_hal_tim.o
 .text.TIM_ITRx_SetConfig
                0x08009826       0x3a ./Drivers/STM32G4xx_HAL_Driver/Src/stm32g4xx_hal_tim.o
 .text.TIM_ETR_SetConfig
                0x08009860       0x40 ./Drivers/STM32G4xx_HAL_Driver/Src/stm32g4xx_hal_tim.o
                0x08009860                TIM_ETR_SetConfig
 .text.TIM_CCxChannelCmd
                0x080098a0       0x4a ./Drivers/STM32G4xx_HAL_Driver/Src/stm32g4xx_hal_tim.o
                0x080098a0                TIM_CCxChannelCmd
 *fill*         0x080098ea        0x2 
 .text.TIM_ResetCallback
                0x080098ec       0xec ./Drivers/STM32G4xx_HAL_Driver/Src/stm32g4xx_hal_tim.o
                0x080098ec                TIM_ResetCallback
 .text.HAL_TIMEx_MasterConfigSynchronization
                0x080099d8      0x12c ./Drivers/STM32G4xx_HAL_Driver/Src/stm32g4xx_hal_tim_ex.o
                0x080099d8                HAL_TIMEx_MasterConfigSynchronization
 .text.HAL_TIMEx_CommutCallback
                0x08009b04       0x14 ./Drivers/STM32G4xx_HAL_Driver/Src/stm32g4xx_hal_tim_ex.o
                0x08009b04                HAL_TIMEx_CommutCallback
 .text.HAL_TIMEx_CommutHalfCpltCallback
                0x08009b18       0x14 ./Drivers/STM32G4xx_HAL_Driver/Src/stm32g4xx_hal_tim_ex.o
                0x08009b18                HAL_TIMEx_CommutHalfCpltCallback
 .text.HAL_TIMEx_BreakCallback
                0x08009b2c       0x14 ./Drivers/STM32G4xx_HAL_Driver/Src/stm32g4xx_hal_tim_ex.o
                0x08009b2c                HAL_TIMEx_BreakCallback
 .text.HAL_TIMEx_Break2Callback
                0x08009b40       0x14 ./Drivers/STM32G4xx_HAL_Driver/Src/stm32g4xx_hal_tim_ex.o
                0x08009b40                HAL_TIMEx_Break2Callback
 .text.HAL_TIMEx_EncoderIndexCallback
                0x08009b54       0x14 ./Drivers/STM32G4xx_HAL_Driver/Src/stm32g4xx_hal_tim_ex.o
                0x08009b54                HAL_TIMEx_EncoderIndexCallback
 .text.HAL_TIMEx_DirectionChangeCallback
                0x08009b68       0x14 ./Drivers/STM32G4xx_HAL_Driver/Src/stm32g4xx_hal_tim_ex.o
                0x08009b68                HAL_TIMEx_DirectionChangeCallback
 .text.HAL_TIMEx_IndexErrorCallback
                0x08009b7c       0x14 ./Drivers/STM32G4xx_HAL_Driver/Src/stm32g4xx_hal_tim_ex.o
                0x08009b7c                HAL_TIMEx_IndexErrorCallback
 .text.HAL_TIMEx_TransitionErrorCallback
                0x08009b90       0x14 ./Drivers/STM32G4xx_HAL_Driver/Src/stm32g4xx_hal_tim_ex.o
                0x08009b90                HAL_TIMEx_TransitionErrorCallback
 .text.HAL_UART_Init
                0x08009ba4       0xc0 ./Drivers/STM32G4xx_HAL_Driver/Src/stm32g4xx_hal_uart.o
                0x08009ba4                HAL_UART_Init
 .text.HAL_UART_RegisterCallback
                0x08009c64      0x174 ./Drivers/STM32G4xx_HAL_Driver/Src/stm32g4xx_hal_uart.o
                0x08009c64                HAL_UART_RegisterCallback
 .text.HAL_UART_Receive
                0x08009dd8      0x190 ./Drivers/STM32G4xx_HAL_Driver/Src/stm32g4xx_hal_uart.o
                0x08009dd8                HAL_UART_Receive
 .text.HAL_UART_Transmit_DMA
                0x08009f68      0x100 ./Drivers/STM32G4xx_HAL_Driver/Src/stm32g4xx_hal_uart.o
                0x08009f68                HAL_UART_Transmit_DMA
 .text.HAL_UART_Receive_DMA
                0x0800a068       0x98 ./Drivers/STM32G4xx_HAL_Driver/Src/stm32g4xx_hal_uart.o
                0x0800a068                HAL_UART_Receive_DMA
 .text.HAL_UART_IRQHandler
                0x0800a100      0x668 ./Drivers/STM32G4xx_HAL_Driver/Src/stm32g4xx_hal_uart.o
                0x0800a100                HAL_UART_IRQHandler
 .text.HAL_UART_TxCpltCallback
                0x0800a768       0x14 ./Drivers/STM32G4xx_HAL_Driver/Src/stm32g4xx_hal_uart.o
                0x0800a768                HAL_UART_TxCpltCallback
 .text.HAL_UART_TxHalfCpltCallback
                0x0800a77c       0x14 ./Drivers/STM32G4xx_HAL_Driver/Src/stm32g4xx_hal_uart.o
                0x0800a77c                HAL_UART_TxHalfCpltCallback
 .text.HAL_UART_RxCpltCallback
                0x0800a790       0x14 ./Drivers/STM32G4xx_HAL_Driver/Src/stm32g4xx_hal_uart.o
                0x0800a790                HAL_UART_RxCpltCallback
 .text.HAL_UART_RxHalfCpltCallback
                0x0800a7a4       0x14 ./Drivers/STM32G4xx_HAL_Driver/Src/stm32g4xx_hal_uart.o
                0x0800a7a4                HAL_UART_RxHalfCpltCallback
 .text.HAL_UART_ErrorCallback
                0x0800a7b8       0x14 ./Drivers/STM32G4xx_HAL_Driver/Src/stm32g4xx_hal_uart.o
                0x0800a7b8                HAL_UART_ErrorCallback
 .text.HAL_UART_AbortCpltCallback
                0x0800a7cc       0x14 ./Drivers/STM32G4xx_HAL_Driver/Src/stm32g4xx_hal_uart.o
                0x0800a7cc                HAL_UART_AbortCpltCallback
 .text.HAL_UART_AbortTransmitCpltCallback
                0x0800a7e0       0x14 ./Drivers/STM32G4xx_HAL_Driver/Src/stm32g4xx_hal_uart.o
                0x0800a7e0                HAL_UART_AbortTransmitCpltCallback
 .text.HAL_UART_AbortReceiveCpltCallback
                0x0800a7f4       0x14 ./Drivers/STM32G4xx_HAL_Driver/Src/stm32g4xx_hal_uart.o
                0x0800a7f4                HAL_UART_AbortReceiveCpltCallback
 .text.HAL_UARTEx_RxEventCallback
                0x0800a808       0x18 ./Drivers/STM32G4xx_HAL_Driver/Src/stm32g4xx_hal_uart.o
                0x0800a808                HAL_UARTEx_RxEventCallback
 .text.HAL_UART_ReceiverTimeout_Config
                0x0800a820       0x38 ./Drivers/STM32G4xx_HAL_Driver/Src/stm32g4xx_hal_uart.o
                0x0800a820                HAL_UART_ReceiverTimeout_Config
 .text.HAL_UART_EnableReceiverTimeout
                0x0800a858       0x74 ./Drivers/STM32G4xx_HAL_Driver/Src/stm32g4xx_hal_uart.o
                0x0800a858                HAL_UART_EnableReceiverTimeout
 .text.HAL_UART_GetError
                0x0800a8cc       0x1a ./Drivers/STM32G4xx_HAL_Driver/Src/stm32g4xx_hal_uart.o
                0x0800a8cc                HAL_UART_GetError
 *fill*         0x0800a8e6        0x2 
 .text.UART_InitCallbacksToDefault
                0x0800a8e8       0xa4 ./Drivers/STM32G4xx_HAL_Driver/Src/stm32g4xx_hal_uart.o
                0x0800a8e8                UART_InitCallbacksToDefault
 .text.UART_SetConfig
                0x0800a98c      0x5f8 ./Drivers/STM32G4xx_HAL_Driver/Src/stm32g4xx_hal_uart.o
                0x0800a98c                UART_SetConfig
 .text.UART_AdvFeatureConfig
                0x0800af84      0x144 ./Drivers/STM32G4xx_HAL_Driver/Src/stm32g4xx_hal_uart.o
                0x0800af84                UART_AdvFeatureConfig
 .text.UART_CheckIdleState
                0x0800b0c8      0x154 ./Drivers/STM32G4xx_HAL_Driver/Src/stm32g4xx_hal_uart.o
                0x0800b0c8                UART_CheckIdleState
 .text.UART_WaitOnFlagUntilTimeout
                0x0800b21c       0xda ./Drivers/STM32G4xx_HAL_Driver/Src/stm32g4xx_hal_uart.o
                0x0800b21c                UART_WaitOnFlagUntilTimeout
 *fill*         0x0800b2f6        0x2 
 .text.UART_Start_Receive_DMA
                0x0800b2f8      0x14c ./Drivers/STM32G4xx_HAL_Driver/Src/stm32g4xx_hal_uart.o
                0x0800b2f8                UART_Start_Receive_DMA
 .text.UART_EndTxTransfer
                0x0800b444       0x82 ./Drivers/STM32G4xx_HAL_Driver/Src/stm32g4xx_hal_uart.o
 .text.UART_EndRxTransfer
                0x0800b4c6       0xcc ./Drivers/STM32G4xx_HAL_Driver/Src/stm32g4xx_hal_uart.o
 .text.UART_DMATransmitCplt
                0x0800b592       0x9e ./Drivers/STM32G4xx_HAL_Driver/Src/stm32g4xx_hal_uart.o
 .text.UART_DMATxHalfCplt
                0x0800b630       0x20 ./Drivers/STM32G4xx_HAL_Driver/Src/stm32g4xx_hal_uart.o
 .text.UART_DMAReceiveCplt
                0x0800b650      0x134 ./Drivers/STM32G4xx_HAL_Driver/Src/stm32g4xx_hal_uart.o
 .text.UART_DMARxHalfCplt
                0x0800b784       0x46 ./Drivers/STM32G4xx_HAL_Driver/Src/stm32g4xx_hal_uart.o
 .text.UART_DMAError
                0x0800b7ca       0x84 ./Drivers/STM32G4xx_HAL_Driver/Src/stm32g4xx_hal_uart.o
 .text.UART_DMAAbortOnError
                0x0800b84e       0x30 ./Drivers/STM32G4xx_HAL_Driver/Src/stm32g4xx_hal_uart.o
 .text.UART_EndTransmit_IT
                0x0800b87e       0x5a ./Drivers/STM32G4xx_HAL_Driver/Src/stm32g4xx_hal_uart.o
 .text.HAL_UARTEx_WakeupCallback
                0x0800b8d8       0x14 ./Drivers/STM32G4xx_HAL_Driver/Src/stm32g4xx_hal_uart_ex.o
                0x0800b8d8                HAL_UARTEx_WakeupCallback
 .text.HAL_UARTEx_RxFifoFullCallback
                0x0800b8ec       0x14 ./Drivers/STM32G4xx_HAL_Driver/Src/stm32g4xx_hal_uart_ex.o
                0x0800b8ec                HAL_UARTEx_RxFifoFullCallback
 .text.HAL_UARTEx_TxFifoEmptyCallback
                0x0800b900       0x14 ./Drivers/STM32G4xx_HAL_Driver/Src/stm32g4xx_hal_uart_ex.o
                0x0800b900                HAL_UARTEx_TxFifoEmptyCallback
 .text.HAL_UARTEx_DisableFifoMode
                0x0800b914       0x72 ./Drivers/STM32G4xx_HAL_Driver/Src/stm32g4xx_hal_uart_ex.o
                0x0800b914                HAL_UARTEx_DisableFifoMode
 .text.HAL_UARTEx_SetTxFifoThreshold
                0x0800b986       0x7c ./Drivers/STM32G4xx_HAL_Driver/Src/stm32g4xx_hal_uart_ex.o
                0x0800b986                HAL_UARTEx_SetTxFifoThreshold
 .text.HAL_UARTEx_SetRxFifoThreshold
                0x0800ba02       0x7c ./Drivers/STM32G4xx_HAL_Driver/Src/stm32g4xx_hal_uart_ex.o
                0x0800ba02                HAL_UARTEx_SetRxFifoThreshold
 *fill*         0x0800ba7e        0x2 
 .text.UARTEx_SetNbDataToProcess
                0x0800ba80       0x9c ./Drivers/STM32G4xx_HAL_Driver/Src/stm32g4xx_hal_uart_ex.o
 .text.memset   0x0800bb1c       0x10 C:/ST/STM32CubeIDE_1.13.2/STM32CubeIDE/plugins/com.st.stm32cube.ide.mcu.externaltools.gnu-tools-for-stm32.12.3.rel1.win32_1.0.100.202403111256/tools/bin/../lib/gcc/arm-none-eabi/12.3.1/../../../../arm-none-eabi/lib/thumb/v7e-m+fp/hard\libc_nano.a(libc_a-memset.o)
                0x0800bb1c                memset
 .text.__errno  0x0800bb2c        0xc C:/ST/STM32CubeIDE_1.13.2/STM32CubeIDE/plugins/com.st.stm32cube.ide.mcu.externaltools.gnu-tools-for-stm32.12.3.rel1.win32_1.0.100.202403111256/tools/bin/../lib/gcc/arm-none-eabi/12.3.1/../../../../arm-none-eabi/lib/thumb/v7e-m+fp/hard\libc_nano.a(libc_a-errno.o)
                0x0800bb2c                __errno
 .text.__libc_init_array
                0x0800bb38       0x48 C:/ST/STM32CubeIDE_1.13.2/STM32CubeIDE/plugins/com.st.stm32cube.ide.mcu.externaltools.gnu-tools-for-stm32.12.3.rel1.win32_1.0.100.202403111256/tools/bin/../lib/gcc/arm-none-eabi/12.3.1/../../../../arm-none-eabi/lib/thumb/v7e-m+fp/hard\libc_nano.a(libc_a-init.o)
                0x0800bb38                __libc_init_array
 .text.memcpy   0x0800bb80       0x1c C:/ST/STM32CubeIDE_1.13.2/STM32CubeIDE/plugins/com.st.stm32cube.ide.mcu.externaltools.gnu-tools-for-stm32.12.3.rel1.win32_1.0.100.202403111256/tools/bin/../lib/gcc/arm-none-eabi/12.3.1/../../../../arm-none-eabi/lib/thumb/v7e-m+fp/hard\libc_nano.a(libc_a-memcpy-stub.o)
                0x0800bb80                memcpy
 .text.sqrt     0x0800bb9c       0x58 C:/ST/STM32CubeIDE_1.13.2/STM32CubeIDE/plugins/com.st.stm32cube.ide.mcu.externaltools.gnu-tools-for-stm32.12.3.rel1.win32_1.0.100.202403111256/tools/bin/../lib/gcc/arm-none-eabi/12.3.1/../../../../arm-none-eabi/lib/thumb/v7e-m+fp/hard\libm.a(libm_a-w_sqrt.o)
                0x0800bb9c                sqrt
 .text.__ieee754_sqrt
                0x0800bbf4      0x1b4 C:/ST/STM32CubeIDE_1.13.2/STM32CubeIDE/plugins/com.st.stm32cube.ide.mcu.externaltools.gnu-tools-for-stm32.12.3.rel1.win32_1.0.100.202403111256/tools/bin/../lib/gcc/arm-none-eabi/12.3.1/../../../../arm-none-eabi/lib/thumb/v7e-m+fp/hard\libm.a(libm_a-e_sqrt.o)
                0x0800bbf4                __ieee754_sqrt
 *(.glue_7)
 .glue_7        0x0800bda8        0x0 linker stubs
 *(.glue_7t)
 .glue_7t       0x0800bda8        0x0 linker stubs
 *(.eh_frame)
 .eh_frame      0x0800bda8        0x0 C:/ST/STM32CubeIDE_1.13.2/STM32CubeIDE/plugins/com.st.stm32cube.ide.mcu.externaltools.gnu-tools-for-stm32.12.3.rel1.win32_1.0.100.202403111256/tools/bin/../lib/gcc/arm-none-eabi/12.3.1/thumb/v7e-m+fp/hard/crtbegin.o
 *(.init)
 .init          0x0800bda8        0x4 C:/ST/STM32CubeIDE_1.13.2/STM32CubeIDE/plugins/com.st.stm32cube.ide.mcu.externaltools.gnu-tools-for-stm32.12.3.rel1.win32_1.0.100.202403111256/tools/bin/../lib/gcc/arm-none-eabi/12.3.1/thumb/v7e-m+fp/hard/crti.o
                0x0800bda8                _init
 .init          0x0800bdac        0x8 C:/ST/STM32CubeIDE_1.13.2/STM32CubeIDE/plugins/com.st.stm32cube.ide.mcu.externaltools.gnu-tools-for-stm32.12.3.rel1.win32_1.0.100.202403111256/tools/bin/../lib/gcc/arm-none-eabi/12.3.1/thumb/v7e-m+fp/hard/crtn.o
 *(.fini)
 .fini          0x0800bdb4        0x4 C:/ST/STM32CubeIDE_1.13.2/STM32CubeIDE/plugins/com.st.stm32cube.ide.mcu.externaltools.gnu-tools-for-stm32.12.3.rel1.win32_1.0.100.202403111256/tools/bin/../lib/gcc/arm-none-eabi/12.3.1/thumb/v7e-m+fp/hard/crti.o
                0x0800bdb4                _fini
 .fini          0x0800bdb8        0x8 C:/ST/STM32CubeIDE_1.13.2/STM32CubeIDE/plugins/com.st.stm32cube.ide.mcu.externaltools.gnu-tools-for-stm32.12.3.rel1.win32_1.0.100.202403111256/tools/bin/../lib/gcc/arm-none-eabi/12.3.1/thumb/v7e-m+fp/hard/crtn.o
                0x0800bdc0                        . = ALIGN (0x4)
                0x0800bdc0                        _etext = .

.vfp11_veneer   0x0800bdc0        0x0
 .vfp11_veneer  0x0800bdc0        0x0 linker stubs

.v4_bx          0x0800bdc0        0x0
 .v4_bx         0x0800bdc0        0x0 linker stubs

.iplt           0x0800bdc0        0x0
 .iplt          0x0800bdc0        0x0 C:/ST/STM32CubeIDE_1.13.2/STM32CubeIDE/plugins/com.st.stm32cube.ide.mcu.externaltools.gnu-tools-for-stm32.12.3.rel1.win32_1.0.100.202403111256/tools/bin/../lib/gcc/arm-none-eabi/12.3.1/thumb/v7e-m+fp/hard/crtbegin.o

.rodata         0x0800bdc0       0x58
                0x0800bdc0                        . = ALIGN (0x4)
 *(.rodata)
 .rodata        0x0800bdc0       0x18 ./Core/Src/main.o
 *(.rodata*)
 .rodata.AHBPrescTable
                0x0800bdd8       0x10 ./Core/Src/system_stm32g4xx.o
                0x0800bdd8                AHBPrescTable
 .rodata.APBPrescTable
                0x0800bde8        0x8 ./Core/Src/system_stm32g4xx.o
                0x0800bde8                APBPrescTable
 .rodata.UARTPrescTable
                0x0800bdf0       0x18 ./Drivers/STM32G4xx_HAL_Driver/Src/stm32g4xx_hal_uart.o
                0x0800bdf0                UARTPrescTable
 .rodata.numerator.1
                0x0800be08        0x8 ./Drivers/STM32G4xx_HAL_Driver/Src/stm32g4xx_hal_uart_ex.o
 .rodata.denominator.0
                0x0800be10        0x8 ./Drivers/STM32G4xx_HAL_Driver/Src/stm32g4xx_hal_uart_ex.o
                0x0800be18                        . = ALIGN (0x4)

.ARM.extab      0x0800be18        0x0
                0x0800be18                        . = ALIGN (0x4)
 *(.ARM.extab* .gnu.linkonce.armextab.*)
                0x0800be18                        . = ALIGN (0x4)

.ARM            0x0800be18        0x8
                0x0800be18                        . = ALIGN (0x4)
                0x0800be18                        __exidx_start = .
 *(.ARM.exidx*)
 .ARM.exidx     0x0800be18        0x8 C:/ST/STM32CubeIDE_1.13.2/STM32CubeIDE/plugins/com.st.stm32cube.ide.mcu.externaltools.gnu-tools-for-stm32.12.3.rel1.win32_1.0.100.202403111256/tools/bin/../lib/gcc/arm-none-eabi/12.3.1/thumb/v7e-m+fp/hard\libgcc.a(_udivmoddi4.o)
                0x0800be20                        __exidx_end = .
                0x0800be20                        . = ALIGN (0x4)

.preinit_array  0x0800be20        0x0
                0x0800be20                        . = ALIGN (0x4)
                0x0800be20                        PROVIDE (__preinit_array_start = .)
 *(.preinit_array*)
                0x0800be20                        PROVIDE (__preinit_array_end = .)
                0x0800be20                        . = ALIGN (0x4)

.init_array     0x0800be20        0x4
                0x0800be20                        . = ALIGN (0x4)
                0x0800be20                        PROVIDE (__init_array_start = .)
 *(SORT_BY_NAME(.init_array.*))
 *(.init_array*)
 .init_array    0x0800be20        0x4 C:/ST/STM32CubeIDE_1.13.2/STM32CubeIDE/plugins/com.st.stm32cube.ide.mcu.externaltools.gnu-tools-for-stm32.12.3.rel1.win32_1.0.100.202403111256/tools/bin/../lib/gcc/arm-none-eabi/12.3.1/thumb/v7e-m+fp/hard/crtbegin.o
                0x0800be24                        PROVIDE (__init_array_end = .)
                0x0800be24                        . = ALIGN (0x4)

.fini_array     0x0800be24        0x4
                0x0800be24                        . = ALIGN (0x4)
                [!provide]                        PROVIDE (__fini_array_start = .)
 *(SORT_BY_NAME(.fini_array.*))
 *(.fini_array*)
 .fini_array    0x0800be24        0x4 C:/ST/STM32CubeIDE_1.13.2/STM32CubeIDE/plugins/com.st.stm32cube.ide.mcu.externaltools.gnu-tools-for-stm32.12.3.rel1.win32_1.0.100.202403111256/tools/bin/../lib/gcc/arm-none-eabi/12.3.1/thumb/v7e-m+fp/hard/crtbegin.o
                [!provide]                        PROVIDE (__fini_array_end = .)
                0x0800be28                        . = ALIGN (0x4)
                0x0800be28                        _sidata = LOADADDR (.data)

.rel.dyn        0x0800be28        0x0
 .rel.iplt      0x0800be28        0x0 C:/ST/STM32CubeIDE_1.13.2/STM32CubeIDE/plugins/com.st.stm32cube.ide.mcu.externaltools.gnu-tools-for-stm32.12.3.rel1.win32_1.0.100.202403111256/tools/bin/../lib/gcc/arm-none-eabi/12.3.1/thumb/v7e-m+fp/hard/crtbegin.o

.data           0x20000000      0x278 load address 0x0800be28
                0x20000000                        . = ALIGN (0x4)
                0x20000000                        _sdata = .
 *(.data)
 *(.data*)
 .data.cnt_per_rev
                0x20000000        0x4 ./Core/Src/Encoder_AMT.o
                0x20000000                cnt_per_rev
 .data.R_pulley
                0x20000004        0x4 ./Core/Src/Encoder_AMT.o
                0x20000004                R_pulley
 .data.auchCRCLo
                0x20000008      0x100 ./Core/Src/ModBusRTU.o
 .data.auchCRCHi
                0x20000108      0x100 ./Core/Src/ModBusRTU.o
 .data.SystemCoreClock
                0x20000208        0x4 ./Core/Src/system_stm32g4xx.o
                0x20000208                SystemCoreClock
 .data.uwTickPrio
                0x2000020c        0x4 ./Drivers/STM32G4xx_HAL_Driver/Src/stm32g4xx_hal.o
                0x2000020c                uwTickPrio
 .data.uwTickFreq
                0x20000210        0x4 ./Drivers/STM32G4xx_HAL_Driver/Src/stm32g4xx_hal.o
                0x20000210                uwTickFreq
 .data._impure_ptr
                0x20000214        0x4 C:/ST/STM32CubeIDE_1.13.2/STM32CubeIDE/plugins/com.st.stm32cube.ide.mcu.externaltools.gnu-tools-for-stm32.12.3.rel1.win32_1.0.100.202403111256/tools/bin/../lib/gcc/arm-none-eabi/12.3.1/../../../../arm-none-eabi/lib/thumb/v7e-m+fp/hard\libc_nano.a(libc_a-impure.o)
                0x20000214                _impure_ptr
 .data._impure_data
                0x20000218       0x4c C:/ST/STM32CubeIDE_1.13.2/STM32CubeIDE/plugins/com.st.stm32cube.ide.mcu.externaltools.gnu-tools-for-stm32.12.3.rel1.win32_1.0.100.202403111256/tools/bin/../lib/gcc/arm-none-eabi/12.3.1/../../../../arm-none-eabi/lib/thumb/v7e-m+fp/hard\libc_nano.a(libc_a-impure.o)
                0x20000218                _impure_data
 *fill*         0x20000264        0x4 
 .data.tiny     0x20000268        0x8 C:/ST/STM32CubeIDE_1.13.2/STM32CubeIDE/plugins/com.st.stm32cube.ide.mcu.externaltools.gnu-tools-for-stm32.12.3.rel1.win32_1.0.100.202403111256/tools/bin/../lib/gcc/arm-none-eabi/12.3.1/../../../../arm-none-eabi/lib/thumb/v7e-m+fp/hard\libm.a(libm_a-e_sqrt.o)
 .data.one      0x20000270        0x8 C:/ST/STM32CubeIDE_1.13.2/STM32CubeIDE/plugins/com.st.stm32cube.ide.mcu.externaltools.gnu-tools-for-stm32.12.3.rel1.win32_1.0.100.202403111256/tools/bin/../lib/gcc/arm-none-eabi/12.3.1/../../../../arm-none-eabi/lib/thumb/v7e-m+fp/hard\libm.a(libm_a-e_sqrt.o)
 *(.RamFunc)
 *(.RamFunc*)
                0x20000278                        . = ALIGN (0x4)
                0x20000278                        _edata = .

.igot.plt       0x20000278        0x0 load address 0x0800c0a0
 .igot.plt      0x20000278        0x0 C:/ST/STM32CubeIDE_1.13.2/STM32CubeIDE/plugins/com.st.stm32cube.ide.mcu.externaltools.gnu-tools-for-stm32.12.3.rel1.win32_1.0.100.202403111256/tools/bin/../lib/gcc/arm-none-eabi/12.3.1/thumb/v7e-m+fp/hard/crtbegin.o
                0x20000278                        . = ALIGN (0x4)

.bss            0x20000278     0x10e4 load address 0x0800c0a0
                0x20000278                        _sbss = .
                0x20000278                        __bss_start__ = _sbss
 *(.bss)
 .bss           0x20000278       0x1c C:/ST/STM32CubeIDE_1.13.2/STM32CubeIDE/plugins/com.st.stm32cube.ide.mcu.externaltools.gnu-tools-for-stm32.12.3.rel1.win32_1.0.100.202403111256/tools/bin/../lib/gcc/arm-none-eabi/12.3.1/thumb/v7e-m+fp/hard/crtbegin.o
 *(.bss*)
 .bss.fuCount   0x20000294        0x4 ./Core/Src/BaseSystem.o
                0x20000294                fuCount
 .bss.temp_pos  0x20000298        0x4 ./Core/Src/BaseSystem.o
                0x20000298                temp_pos
 .bss.temp_cnt  0x2000029c        0x4 ./Core/Src/BaseSystem.o
                0x2000029c                temp_cnt
 .bss.temp_home
                0x200002a0        0x4 ./Core/Src/BaseSystem.o
                0x200002a0                temp_home
 .bss.StartDelay
                0x200002a4        0x4 ./Core/Src/BaseSystem.o
                0x200002a4                StartDelay
 .bss.internalState
                0x200002a8        0x1 ./Core/Src/BaseSystem.o
                0x200002a8                internalState
 *fill*         0x200002a9        0x3 
 .bss.delayStartTime
                0x200002ac        0x4 ./Core/Src/BaseSystem.o
                0x200002ac                delayStartTime
 .bss.pushDelay
                0x200002b0        0x4 ./Core/Src/BaseSystem.o
                0x200002b0                pushDelay
 .bss.initDelay
                0x200002b4        0x4 ./Core/Src/BaseSystem.o
                0x200002b4                initDelay
 .bss.vacuumPlace
                0x200002b8        0x4 ./Core/Src/BaseSystem.o
                0x200002b8                vacuumPlace
 .bss.diffTimeAcc
                0x200002bc        0x4 ./Core/Src/Encoder_AMT.o
                0x200002bc                diffTimeAcc
 .bss.accel_timestamp.0
                0x200002c0        0x8 ./Core/Src/Encoder_AMT.o
 .bss.hModbus   0x200002c8        0x4 ./Core/Src/ModBusRTU.o
                0x200002c8                hModbus
 .bss.count     0x200002cc        0x4 ./Core/Src/PS2.o
                0x200002cc                count
 .bss.x_pos     0x200002d0        0x4 ./Core/Src/PS2.o
                0x200002d0                x_pos
 .bss.timestamp.3
                0x200002d4        0x4 ./Core/Src/PS2.o
 .bss.debounce_time.2
                0x200002d8        0x4 ./Core/Src/PS2.o
 .bss.debounce_time.1
                0x200002dc        0x4 ./Core/Src/PS2.o
 .bss.debounce_time.0
                0x200002e0        0x4 ./Core/Src/PS2.o
 .bss.Acc_max   0x200002e4        0x4 ./Core/Src/Trapezoidal.o
 .bss.Vel_max   0x200002e8        0x4 ./Core/Src/Trapezoidal.o
 .bss.Distance_Velo_Max
                0x200002ec        0x4 ./Core/Src/Trapezoidal.o
 .bss.Time_Velo_const
                0x200002f0        0x4 ./Core/Src/Trapezoidal.o
 .bss.time_ref1
                0x200002f4        0x4 ./Core/Src/Trapezoidal.o
 .bss.time_ref2
                0x200002f8        0x4 ./Core/Src/Trapezoidal.o
 .bss.Distance  0x200002fc        0x4 ./Core/Src/Trapezoidal.o
 .bss.Time_acc  0x20000300        0x4 ./Core/Src/Trapezoidal.o
 .bss.Time_dec  0x20000304        0x4 ./Core/Src/Trapezoidal.o
 .bss.temp_pos_acc
                0x20000308        0x4 ./Core/Src/Trapezoidal.o
 .bss.temp_pos_const
                0x2000030c        0x4 ./Core/Src/Trapezoidal.o
 .bss.temp_velo_acc
                0x20000310        0x4 ./Core/Src/Trapezoidal.o
 .bss.Time_acc_under
                0x20000314        0x4 ./Core/Src/Trapezoidal.o
 .bss.hadc1     0x20000318       0x6c ./Core/Src/main.o
                0x20000318                hadc1
 .bss.htim2     0x20000384       0xcc ./Core/Src/main.o
                0x20000384                htim2
 .bss.htim3     0x20000450       0xcc ./Core/Src/main.o
                0x20000450                htim3
 .bss.htim4     0x2000051c       0xcc ./Core/Src/main.o
                0x2000051c                htim4
 .bss.htim5     0x200005e8       0xcc ./Core/Src/main.o
                0x200005e8                htim5
 .bss.htim16    0x200006b4       0xcc ./Core/Src/main.o
                0x200006b4                htim16
 .bss.huart4    0x20000780       0xcc ./Core/Src/main.o
                0x20000780                huart4
 .bss.huart2    0x2000084c       0xcc ./Core/Src/main.o
                0x2000084c                huart2
 .bss.hdma_usart2_tx
                0x20000918       0x60 ./Core/Src/main.o
                0x20000918                hdma_usart2_tx
 .bss.hdma_usart2_rx
                0x20000978       0x60 ./Core/Src/main.o
                0x20000978                hdma_usart2_rx
 .bss.MT        0x200009d8        0x8 ./Core/Src/main.o
                0x200009d8                MT
 .bss.Traj      0x200009e0       0x14 ./Core/Src/main.o
                0x200009e0                Traj
 *fill*         0x200009f4        0x4 
 .bss.AMT       0x200009f8       0x50 ./Core/Src/main.o
                0x200009f8                AMT
 .bss.ps2       0x20000a48       0x80 ./Core/Src/main.o
                0x20000a48                ps2
 .bss.PID_pos   0x20000ac8       0x1c ./Core/Src/main.o
                0x20000ac8                PID_pos
 .bss.PID_velo  0x20000ae4       0x1c ./Core/Src/main.o
                0x20000ae4                PID_velo
 .bss.base      0x20000b00       0x60 ./Core/Src/main.o
                0x20000b00                base
 .bss.hmodbus   0x20000b60      0x4d8 ./Core/Src/main.o
                0x20000b60                hmodbus
 .bss.filtered_velo
                0x20001038       0x1c ./Core/Src/main.o
                0x20001038                filtered_velo
 .bss.filtered_accel
                0x20001054       0x1c ./Core/Src/main.o
                0x20001054                filtered_accel
 .bss.emer      0x20001070        0x4 ./Core/Src/main.o
                0x20001070                emer
 *fill*         0x20001074        0x4 
 .bss._micros   0x20001078        0x8 ./Core/Src/main.o
                0x20001078                _micros
 .bss.registerFrame
                0x20001080      0x190 ./Core/Src/main.o
                0x20001080                registerFrame
 .bss.elapsedTime
                0x20001210        0x4 ./Core/Src/main.o
                0x20001210                elapsedTime
 .bss.interrupt_counter
                0x20001214        0x4 ./Core/Src/main.o
                0x20001214                interrupt_counter
 .bss.timestamps.0
                0x20001218        0x8 ./Core/Src/main.o
 .bss.uwTick    0x20001220        0x4 ./Drivers/STM32G4xx_HAL_Driver/Src/stm32g4xx_hal.o
                0x20001220                uwTick
 .bss.__sf      0x20001224      0x138 C:/ST/STM32CubeIDE_1.13.2/STM32CubeIDE/plugins/com.st.stm32cube.ide.mcu.externaltools.gnu-tools-for-stm32.12.3.rel1.win32_1.0.100.202403111256/tools/bin/../lib/gcc/arm-none-eabi/12.3.1/../../../../arm-none-eabi/lib/thumb/v7e-m+fp/hard\libc_nano.a(libc_a-findfp.o)
                0x20001224                __sf
 *(COMMON)
                0x2000135c                        . = ALIGN (0x4)
                0x2000135c                        _ebss = .
                0x2000135c                        __bss_end__ = _ebss

._user_heap_stack
                0x2000135c      0x604 load address 0x0800c0a0
                0x20001360                        . = ALIGN (0x8)
 *fill*         0x2000135c        0x4 
                [!provide]                        PROVIDE (end = .)
                0x20001360                        PROVIDE (_end = .)
                0x20001560                        . = (. + _Min_Heap_Size)
 *fill*         0x20001360      0x200 
                0x20001960                        . = (. + _Min_Stack_Size)
 *fill*         0x20001560      0x400 
                0x20001960                        . = ALIGN (0x8)

/DISCARD/
 libc.a(*)
 libm.a(*)
 libgcc.a(*)

.ARM.attributes
                0x00000000       0x30
 *(.ARM.attributes)
 .ARM.attributes
                0x00000000       0x22 C:/ST/STM32CubeIDE_1.13.2/STM32CubeIDE/plugins/com.st.stm32cube.ide.mcu.externaltools.gnu-tools-for-stm32.12.3.rel1.win32_1.0.100.202403111256/tools/bin/../lib/gcc/arm-none-eabi/12.3.1/thumb/v7e-m+fp/hard/crti.o
 .ARM.attributes
                0x00000022       0x34 C:/ST/STM32CubeIDE_1.13.2/STM32CubeIDE/plugins/com.st.stm32cube.ide.mcu.externaltools.gnu-tools-for-stm32.12.3.rel1.win32_1.0.100.202403111256/tools/bin/../lib/gcc/arm-none-eabi/12.3.1/thumb/v7e-m+fp/hard/crtbegin.o
 .ARM.attributes
                0x00000056       0x34 ./Core/Src/BaseSystem.o
 .ARM.attributes
                0x0000008a       0x34 ./Core/Src/Encoder_AMT.o
 .ARM.attributes
                0x000000be       0x34 ./Core/Src/ModBusRTU.o
 .ARM.attributes
                0x000000f2       0x34 ./Core/Src/Motor.o
 .ARM.attributes
                0x00000126       0x34 ./Core/Src/PID_controller.o
 .ARM.attributes
                0x0000015a       0x34 ./Core/Src/PS2.o
 .ARM.attributes
                0x0000018e       0x34 ./Core/Src/Trapezoidal.o
 .ARM.attributes
                0x000001c2       0x34 ./Core/Src/kalman.o
 .ARM.attributes
                0x000001f6       0x34 ./Core/Src/main.o
 .ARM.attributes
                0x0000022a       0x34 ./Core/Src/stm32g4xx_hal_msp.o
 .ARM.attributes
                0x0000025e       0x34 ./Core/Src/stm32g4xx_it.o
 .ARM.attributes
                0x00000292       0x34 ./Core/Src/system_stm32g4xx.o
 .ARM.attributes
                0x000002c6       0x21 ./Core/Startup/startup_stm32g474retx.o
 .ARM.attributes
                0x000002e7       0x34 ./Drivers/STM32G4xx_HAL_Driver/Src/stm32g4xx_hal.o
 .ARM.attributes
                0x0000031b       0x34 ./Drivers/STM32G4xx_HAL_Driver/Src/stm32g4xx_hal_adc.o
 .ARM.attributes
                0x0000034f       0x34 ./Drivers/STM32G4xx_HAL_Driver/Src/stm32g4xx_hal_adc_ex.o
 .ARM.attributes
                0x00000383       0x34 ./Drivers/STM32G4xx_HAL_Driver/Src/stm32g4xx_hal_cortex.o
 .ARM.attributes
                0x000003b7       0x34 ./Drivers/STM32G4xx_HAL_Driver/Src/stm32g4xx_hal_dma.o
 .ARM.attributes
                0x000003eb       0x34 ./Drivers/STM32G4xx_HAL_Driver/Src/stm32g4xx_hal_gpio.o
 .ARM.attributes
                0x0000041f       0x34 ./Drivers/STM32G4xx_HAL_Driver/Src/stm32g4xx_hal_pwr_ex.o
 .ARM.attributes
                0x00000453       0x34 ./Drivers/STM32G4xx_HAL_Driver/Src/stm32g4xx_hal_rcc.o
 .ARM.attributes
                0x00000487       0x34 ./Drivers/STM32G4xx_HAL_Driver/Src/stm32g4xx_hal_rcc_ex.o
 .ARM.attributes
                0x000004bb       0x34 ./Drivers/STM32G4xx_HAL_Driver/Src/stm32g4xx_hal_tim.o
 .ARM.attributes
                0x000004ef       0x34 ./Drivers/STM32G4xx_HAL_Driver/Src/stm32g4xx_hal_tim_ex.o
 .ARM.attributes
                0x00000523       0x34 ./Drivers/STM32G4xx_HAL_Driver/Src/stm32g4xx_hal_uart.o
 .ARM.attributes
                0x00000557       0x34 ./Drivers/STM32G4xx_HAL_Driver/Src/stm32g4xx_hal_uart_ex.o
 .ARM.attributes
                0x0000058b       0x34 C:/ST/STM32CubeIDE_1.13.2/STM32CubeIDE/plugins/com.st.stm32cube.ide.mcu.externaltools.gnu-tools-for-stm32.12.3.rel1.win32_1.0.100.202403111256/tools/bin/../lib/gcc/arm-none-eabi/12.3.1/../../../../arm-none-eabi/lib/thumb/v7e-m+fp/hard\libc_nano.a(libc_a-findfp.o)
 .ARM.attributes
                0x000005bf       0x34 C:/ST/STM32CubeIDE_1.13.2/STM32CubeIDE/plugins/com.st.stm32cube.ide.mcu.externaltools.gnu-tools-for-stm32.12.3.rel1.win32_1.0.100.202403111256/tools/bin/../lib/gcc/arm-none-eabi/12.3.1/../../../../arm-none-eabi/lib/thumb/v7e-m+fp/hard\libc_nano.a(libc_a-memset.o)
 .ARM.attributes
                0x000005f3       0x34 C:/ST/STM32CubeIDE_1.13.2/STM32CubeIDE/plugins/com.st.stm32cube.ide.mcu.externaltools.gnu-tools-for-stm32.12.3.rel1.win32_1.0.100.202403111256/tools/bin/../lib/gcc/arm-none-eabi/12.3.1/../../../../arm-none-eabi/lib/thumb/v7e-m+fp/hard\libc_nano.a(libc_a-impure.o)
 .ARM.attributes
                0x00000627       0x34 C:/ST/STM32CubeIDE_1.13.2/STM32CubeIDE/plugins/com.st.stm32cube.ide.mcu.externaltools.gnu-tools-for-stm32.12.3.rel1.win32_1.0.100.202403111256/tools/bin/../lib/gcc/arm-none-eabi/12.3.1/../../../../arm-none-eabi/lib/thumb/v7e-m+fp/hard\libc_nano.a(libc_a-errno.o)
 .ARM.attributes
                0x0000065b       0x34 C:/ST/STM32CubeIDE_1.13.2/STM32CubeIDE/plugins/com.st.stm32cube.ide.mcu.externaltools.gnu-tools-for-stm32.12.3.rel1.win32_1.0.100.202403111256/tools/bin/../lib/gcc/arm-none-eabi/12.3.1/../../../../arm-none-eabi/lib/thumb/v7e-m+fp/hard\libc_nano.a(libc_a-init.o)
 .ARM.attributes
                0x0000068f       0x34 C:/ST/STM32CubeIDE_1.13.2/STM32CubeIDE/plugins/com.st.stm32cube.ide.mcu.externaltools.gnu-tools-for-stm32.12.3.rel1.win32_1.0.100.202403111256/tools/bin/../lib/gcc/arm-none-eabi/12.3.1/../../../../arm-none-eabi/lib/thumb/v7e-m+fp/hard\libc_nano.a(libc_a-memcpy-stub.o)
 .ARM.attributes
                0x000006c3       0x34 C:/ST/STM32CubeIDE_1.13.2/STM32CubeIDE/plugins/com.st.stm32cube.ide.mcu.externaltools.gnu-tools-for-stm32.12.3.rel1.win32_1.0.100.202403111256/tools/bin/../lib/gcc/arm-none-eabi/12.3.1/../../../../arm-none-eabi/lib/thumb/v7e-m+fp/hard\libm.a(libm_a-w_sqrt.o)
 .ARM.attributes
                0x000006f7       0x34 C:/ST/STM32CubeIDE_1.13.2/STM32CubeIDE/plugins/com.st.stm32cube.ide.mcu.externaltools.gnu-tools-for-stm32.12.3.rel1.win32_1.0.100.202403111256/tools/bin/../lib/gcc/arm-none-eabi/12.3.1/../../../../arm-none-eabi/lib/thumb/v7e-m+fp/hard\libm.a(libm_a-e_sqrt.o)
 .ARM.attributes
                0x0000072b       0x22 C:/ST/STM32CubeIDE_1.13.2/STM32CubeIDE/plugins/com.st.stm32cube.ide.mcu.externaltools.gnu-tools-for-stm32.12.3.rel1.win32_1.0.100.202403111256/tools/bin/../lib/gcc/arm-none-eabi/12.3.1/thumb/v7e-m+fp/hard\libgcc.a(_arm_addsubdf3.o)
 .ARM.attributes
                0x0000074d       0x22 C:/ST/STM32CubeIDE_1.13.2/STM32CubeIDE/plugins/com.st.stm32cube.ide.mcu.externaltools.gnu-tools-for-stm32.12.3.rel1.win32_1.0.100.202403111256/tools/bin/../lib/gcc/arm-none-eabi/12.3.1/thumb/v7e-m+fp/hard\libgcc.a(_arm_muldivdf3.o)
 .ARM.attributes
                0x0000076f       0x22 C:/ST/STM32CubeIDE_1.13.2/STM32CubeIDE/plugins/com.st.stm32cube.ide.mcu.externaltools.gnu-tools-for-stm32.12.3.rel1.win32_1.0.100.202403111256/tools/bin/../lib/gcc/arm-none-eabi/12.3.1/thumb/v7e-m+fp/hard\libgcc.a(_arm_cmpdf2.o)
 .ARM.attributes
                0x00000791       0x22 C:/ST/STM32CubeIDE_1.13.2/STM32CubeIDE/plugins/com.st.stm32cube.ide.mcu.externaltools.gnu-tools-for-stm32.12.3.rel1.win32_1.0.100.202403111256/tools/bin/../lib/gcc/arm-none-eabi/12.3.1/thumb/v7e-m+fp/hard\libgcc.a(_arm_unorddf2.o)
 .ARM.attributes
                0x000007b3       0x22 C:/ST/STM32CubeIDE_1.13.2/STM32CubeIDE/plugins/com.st.stm32cube.ide.mcu.externaltools.gnu-tools-for-stm32.12.3.rel1.win32_1.0.100.202403111256/tools/bin/../lib/gcc/arm-none-eabi/12.3.1/thumb/v7e-m+fp/hard\libgcc.a(_arm_truncdfsf2.o)
 .ARM.attributes
                0x000007d5       0x22 C:/ST/STM32CubeIDE_1.13.2/STM32CubeIDE/plugins/com.st.stm32cube.ide.mcu.externaltools.gnu-tools-for-stm32.12.3.rel1.win32_1.0.100.202403111256/tools/bin/../lib/gcc/arm-none-eabi/12.3.1/thumb/v7e-m+fp/hard\libgcc.a(_arm_addsubsf3.o)
 .ARM.attributes
                0x000007f7       0x22 C:/ST/STM32CubeIDE_1.13.2/STM32CubeIDE/plugins/com.st.stm32cube.ide.mcu.externaltools.gnu-tools-for-stm32.12.3.rel1.win32_1.0.100.202403111256/tools/bin/../lib/gcc/arm-none-eabi/12.3.1/thumb/v7e-m+fp/hard\libgcc.a(_aeabi_uldivmod.o)
 .ARM.attributes
                0x00000819       0x34 C:/ST/STM32CubeIDE_1.13.2/STM32CubeIDE/plugins/com.st.stm32cube.ide.mcu.externaltools.gnu-tools-for-stm32.12.3.rel1.win32_1.0.100.202403111256/tools/bin/../lib/gcc/arm-none-eabi/12.3.1/thumb/v7e-m+fp/hard\libgcc.a(_fixunsdfdi.o)
 .ARM.attributes
                0x0000084d       0x34 C:/ST/STM32CubeIDE_1.13.2/STM32CubeIDE/plugins/com.st.stm32cube.ide.mcu.externaltools.gnu-tools-for-stm32.12.3.rel1.win32_1.0.100.202403111256/tools/bin/../lib/gcc/arm-none-eabi/12.3.1/thumb/v7e-m+fp/hard\libgcc.a(_udivmoddi4.o)
 .ARM.attributes
                0x00000881       0x22 C:/ST/STM32CubeIDE_1.13.2/STM32CubeIDE/plugins/com.st.stm32cube.ide.mcu.externaltools.gnu-tools-for-stm32.12.3.rel1.win32_1.0.100.202403111256/tools/bin/../lib/gcc/arm-none-eabi/12.3.1/thumb/v7e-m+fp/hard\libgcc.a(_dvmd_tls.o)
 .ARM.attributes
                0x000008a3       0x22 C:/ST/STM32CubeIDE_1.13.2/STM32CubeIDE/plugins/com.st.stm32cube.ide.mcu.externaltools.gnu-tools-for-stm32.12.3.rel1.win32_1.0.100.202403111256/tools/bin/../lib/gcc/arm-none-eabi/12.3.1/thumb/v7e-m+fp/hard\libgcc.a(_arm_fixunsdfsi.o)
 .ARM.attributes
                0x000008c5       0x22 C:/ST/STM32CubeIDE_1.13.2/STM32CubeIDE/plugins/com.st.stm32cube.ide.mcu.externaltools.gnu-tools-for-stm32.12.3.rel1.win32_1.0.100.202403111256/tools/bin/../lib/gcc/arm-none-eabi/12.3.1/thumb/v7e-m+fp/hard/crtn.o
OUTPUT(Studio_G15.elf elf32-littlearm)
LOAD linker stubs
LOAD C:/ST/STM32CubeIDE_1.13.2/STM32CubeIDE/plugins/com.st.stm32cube.ide.mcu.externaltools.gnu-tools-for-stm32.12.3.rel1.win32_1.0.100.202403111256/tools/bin/../lib/gcc/arm-none-eabi/12.3.1/../../../../arm-none-eabi/lib/thumb/v7e-m+fp/hard\libc.a
LOAD C:/ST/STM32CubeIDE_1.13.2/STM32CubeIDE/plugins/com.st.stm32cube.ide.mcu.externaltools.gnu-tools-for-stm32.12.3.rel1.win32_1.0.100.202403111256/tools/bin/../lib/gcc/arm-none-eabi/12.3.1/../../../../arm-none-eabi/lib/thumb/v7e-m+fp/hard\libm.a
LOAD C:/ST/STM32CubeIDE_1.13.2/STM32CubeIDE/plugins/com.st.stm32cube.ide.mcu.externaltools.gnu-tools-for-stm32.12.3.rel1.win32_1.0.100.202403111256/tools/bin/../lib/gcc/arm-none-eabi/12.3.1/thumb/v7e-m+fp/hard\libgcc.a

.debug_info     0x00000000    0x1f321
 .debug_info    0x00000000     0x120a ./Core/Src/BaseSystem.o
 .debug_info    0x0000120a      0xd1f ./Core/Src/Encoder_AMT.o
 .debug_info    0x00001f29     0x1598 ./Core/Src/ModBusRTU.o
 .debug_info    0x000034c1      0xadd ./Core/Src/Motor.o
 .debug_info    0x00003f9e      0xc74 ./Core/Src/PID_controller.o
 .debug_info    0x00004c12      0xf78 ./Core/Src/PS2.o
 .debug_info    0x00005b8a      0x250 ./Core/Src/Trapezoidal.o
 .debug_info    0x00005dda      0x181 ./Core/Src/kalman.o
 .debug_info    0x00005f5b     0x2d08 ./Core/Src/main.o
 .debug_info    0x00008c63     0x1df4 ./Core/Src/stm32g4xx_hal_msp.o
 .debug_info    0x0000aa57      0xfaf ./Core/Src/stm32g4xx_it.o
 .debug_info    0x0000ba06      0x58e ./Core/Src/system_stm32g4xx.o
 .debug_info    0x0000bf94       0x30 ./Core/Startup/startup_stm32g474retx.o
 .debug_info    0x0000bfc4      0xb95 ./Drivers/STM32G4xx_HAL_Driver/Src/stm32g4xx_hal.o
 .debug_info    0x0000cb59     0x2063 ./Drivers/STM32G4xx_HAL_Driver/Src/stm32g4xx_hal_adc.o
 .debug_info    0x0000ebbc     0x1d80 ./Drivers/STM32G4xx_HAL_Driver/Src/stm32g4xx_hal_adc_ex.o
 .debug_info    0x0001093c      0xdad ./Drivers/STM32G4xx_HAL_Driver/Src/stm32g4xx_hal_cortex.o
 .debug_info    0x000116e9      0x85f ./Drivers/STM32G4xx_HAL_Driver/Src/stm32g4xx_hal_dma.o
 .debug_info    0x00011f48      0x763 ./Drivers/STM32G4xx_HAL_Driver/Src/stm32g4xx_hal_gpio.o
 .debug_info    0x000126ab      0x93f ./Drivers/STM32G4xx_HAL_Driver/Src/stm32g4xx_hal_pwr_ex.o
 .debug_info    0x00012fea      0xbe0 ./Drivers/STM32G4xx_HAL_Driver/Src/stm32g4xx_hal_rcc.o
 .debug_info    0x00013bca      0xc45 ./Drivers/STM32G4xx_HAL_Driver/Src/stm32g4xx_hal_rcc_ex.o
 .debug_info    0x0001480f     0x301a ./Drivers/STM32G4xx_HAL_Driver/Src/stm32g4xx_hal_tim.o
 .debug_info    0x00017829     0x1f5e ./Drivers/STM32G4xx_HAL_Driver/Src/stm32g4xx_hal_tim_ex.o
 .debug_info    0x00019787     0x4ad2 ./Drivers/STM32G4xx_HAL_Driver/Src/stm32g4xx_hal_uart.o
 .debug_info    0x0001e259     0x10c8 ./Drivers/STM32G4xx_HAL_Driver/Src/stm32g4xx_hal_uart_ex.o

.debug_abbrev   0x00000000     0x3c2c
 .debug_abbrev  0x00000000      0x2c2 ./Core/Src/BaseSystem.o
 .debug_abbrev  0x000002c2      0x24e ./Core/Src/Encoder_AMT.o
 .debug_abbrev  0x00000510      0x365 ./Core/Src/ModBusRTU.o
 .debug_abbrev  0x00000875      0x1ea ./Core/Src/Motor.o
 .debug_abbrev  0x00000a5f      0x206 ./Core/Src/PID_controller.o
 .debug_abbrev  0x00000c65      0x24d ./Core/Src/PS2.o
 .debug_abbrev  0x00000eb2       0xf0 ./Core/Src/Trapezoidal.o
 .debug_abbrev  0x00000fa2       0xf8 ./Core/Src/kalman.o
 .debug_abbrev  0x0000109a      0x405 ./Core/Src/main.o
 .debug_abbrev  0x0000149f      0x299 ./Core/Src/stm32g4xx_hal_msp.o
 .debug_abbrev  0x00001738      0x1f7 ./Core/Src/stm32g4xx_it.o
 .debug_abbrev  0x0000192f      0x11a ./Core/Src/system_stm32g4xx.o
 .debug_abbrev  0x00001a49       0x24 ./Core/Startup/startup_stm32g474retx.o
 .debug_abbrev  0x00001a6d      0x271 ./Drivers/STM32G4xx_HAL_Driver/Src/stm32g4xx_hal.o
 .debug_abbrev  0x00001cde      0x2d3 ./Drivers/STM32G4xx_HAL_Driver/Src/stm32g4xx_hal_adc.o
 .debug_abbrev  0x00001fb1      0x2ee ./Drivers/STM32G4xx_HAL_Driver/Src/stm32g4xx_hal_adc_ex.o
 .debug_abbrev  0x0000229f      0x31c ./Drivers/STM32G4xx_HAL_Driver/Src/stm32g4xx_hal_cortex.o
 .debug_abbrev  0x000025bb      0x1e2 ./Drivers/STM32G4xx_HAL_Driver/Src/stm32g4xx_hal_dma.o
 .debug_abbrev  0x0000279d      0x1cb ./Drivers/STM32G4xx_HAL_Driver/Src/stm32g4xx_hal_gpio.o
 .debug_abbrev  0x00002968      0x22c ./Drivers/STM32G4xx_HAL_Driver/Src/stm32g4xx_hal_pwr_ex.o
 .debug_abbrev  0x00002b94      0x2c9 ./Drivers/STM32G4xx_HAL_Driver/Src/stm32g4xx_hal_rcc.o
 .debug_abbrev  0x00002e5d      0x258 ./Drivers/STM32G4xx_HAL_Driver/Src/stm32g4xx_hal_rcc_ex.o
 .debug_abbrev  0x000030b5      0x2b8 ./Drivers/STM32G4xx_HAL_Driver/Src/stm32g4xx_hal_tim.o
 .debug_abbrev  0x0000336d      0x2d6 ./Drivers/STM32G4xx_HAL_Driver/Src/stm32g4xx_hal_tim_ex.o
 .debug_abbrev  0x00003643      0x317 ./Drivers/STM32G4xx_HAL_Driver/Src/stm32g4xx_hal_uart.o
 .debug_abbrev  0x0000395a      0x2d2 ./Drivers/STM32G4xx_HAL_Driver/Src/stm32g4xx_hal_uart_ex.o

.debug_aranges  0x00000000     0x16f8
 .debug_aranges
                0x00000000       0x68 ./Core/Src/BaseSystem.o
 .debug_aranges
                0x00000068       0x30 ./Core/Src/Encoder_AMT.o
 .debug_aranges
                0x00000098       0x70 ./Core/Src/ModBusRTU.o
 .debug_aranges
                0x00000108       0x28 ./Core/Src/Motor.o
 .debug_aranges
                0x00000130       0x38 ./Core/Src/PID_controller.o
 .debug_aranges
                0x00000168       0x38 ./Core/Src/PS2.o
 .debug_aranges
                0x000001a0       0x28 ./Core/Src/Trapezoidal.o
 .debug_aranges
                0x000001c8       0x28 ./Core/Src/kalman.o
 .debug_aranges
                0x000001f0       0x90 ./Core/Src/main.o
 .debug_aranges
                0x00000280       0x68 ./Core/Src/stm32g4xx_hal_msp.o
 .debug_aranges
                0x000002e8       0x98 ./Core/Src/stm32g4xx_it.o
 .debug_aranges
                0x00000380       0x28 ./Core/Src/system_stm32g4xx.o
 .debug_aranges
                0x000003a8       0x28 ./Core/Startup/startup_stm32g474retx.o
 .debug_aranges
                0x000003d0      0x148 ./Drivers/STM32G4xx_HAL_Driver/Src/stm32g4xx_hal.o
 .debug_aranges
                0x00000518      0x248 ./Drivers/STM32G4xx_HAL_Driver/Src/stm32g4xx_hal_adc.o
 .debug_aranges
                0x00000760      0x1c0 ./Drivers/STM32G4xx_HAL_Driver/Src/stm32g4xx_hal_adc_ex.o
 .debug_aranges
                0x00000920      0x118 ./Drivers/STM32G4xx_HAL_Driver/Src/stm32g4xx_hal_cortex.o
 .debug_aranges
                0x00000a38       0x90 ./Drivers/STM32G4xx_HAL_Driver/Src/stm32g4xx_hal_dma.o
 .debug_aranges
                0x00000ac8       0x58 ./Drivers/STM32G4xx_HAL_Driver/Src/stm32g4xx_hal_gpio.o
 .debug_aranges
                0x00000b20      0x140 ./Drivers/STM32G4xx_HAL_Driver/Src/stm32g4xx_hal_pwr_ex.o
 .debug_aranges
                0x00000c60       0x98 ./Drivers/STM32G4xx_HAL_Driver/Src/stm32g4xx_hal_rcc.o
 .debug_aranges
                0x00000cf8       0xb0 ./Drivers/STM32G4xx_HAL_Driver/Src/stm32g4xx_hal_rcc_ex.o
 .debug_aranges
                0x00000da8      0x3f8 ./Drivers/STM32G4xx_HAL_Driver/Src/stm32g4xx_hal_tim.o
 .debug_aranges
                0x000011a0      0x240 ./Drivers/STM32G4xx_HAL_Driver/Src/stm32g4xx_hal_tim_ex.o
 .debug_aranges
                0x000013e0      0x270 ./Drivers/STM32G4xx_HAL_Driver/Src/stm32g4xx_hal_uart.o
 .debug_aranges
                0x00001650       0xa8 ./Drivers/STM32G4xx_HAL_Driver/Src/stm32g4xx_hal_uart_ex.o

.debug_rnglists
                0x00000000     0x11e5
 .debug_rnglists
                0x00000000       0x4e ./Core/Src/BaseSystem.o
 .debug_rnglists
                0x0000004e       0x20 ./Core/Src/Encoder_AMT.o
 .debug_rnglists
                0x0000006e       0x54 ./Core/Src/ModBusRTU.o
 .debug_rnglists
                0x000000c2       0x1a ./Core/Src/Motor.o
 .debug_rnglists
                0x000000dc       0x27 ./Core/Src/PID_controller.o
 .debug_rnglists
                0x00000103       0x34 ./Core/Src/PS2.o
 .debug_rnglists
                0x00000137       0x1a ./Core/Src/Trapezoidal.o
 .debug_rnglists
                0x00000151       0x1a ./Core/Src/kalman.o
 .debug_rnglists
                0x0000016b       0x72 ./Core/Src/main.o
 .debug_rnglists
                0x000001dd       0x4f ./Core/Src/stm32g4xx_hal_msp.o
 .debug_rnglists
                0x0000022c       0x6d ./Core/Src/stm32g4xx_it.o
 .debug_rnglists
                0x00000299       0x1a ./Core/Src/system_stm32g4xx.o
 .debug_rnglists
                0x000002b3       0x19 ./Core/Startup/startup_stm32g474retx.o
 .debug_rnglists
                0x000002cc       0xf1 ./Drivers/STM32G4xx_HAL_Driver/Src/stm32g4xx_hal.o
 .debug_rnglists
                0x000003bd      0x1c0 ./Drivers/STM32G4xx_HAL_Driver/Src/stm32g4xx_hal_adc.o
 .debug_rnglists
                0x0000057d      0x15a ./Drivers/STM32G4xx_HAL_Driver/Src/stm32g4xx_hal_adc_ex.o
 .debug_rnglists
                0x000006d7       0xce ./Drivers/STM32G4xx_HAL_Driver/Src/stm32g4xx_hal_cortex.o
 .debug_rnglists
                0x000007a5       0x71 ./Drivers/STM32G4xx_HAL_Driver/Src/stm32g4xx_hal_dma.o
 .debug_rnglists
                0x00000816       0x3f ./Drivers/STM32G4xx_HAL_Driver/Src/stm32g4xx_hal_gpio.o
 .debug_rnglists
                0x00000855       0xf1 ./Drivers/STM32G4xx_HAL_Driver/Src/stm32g4xx_hal_pwr_ex.o
 .debug_rnglists
                0x00000946       0x74 ./Drivers/STM32G4xx_HAL_Driver/Src/stm32g4xx_hal_rcc.o
 .debug_rnglists
                0x000009ba       0x87 ./Drivers/STM32G4xx_HAL_Driver/Src/stm32g4xx_hal_rcc_ex.o
 .debug_rnglists
                0x00000a41      0x33d ./Drivers/STM32G4xx_HAL_Driver/Src/stm32g4xx_hal_tim.o
 .debug_rnglists
                0x00000d7e      0x1cc ./Drivers/STM32G4xx_HAL_Driver/Src/stm32g4xx_hal_tim_ex.o
 .debug_rnglists
                0x00000f4a      0x21c ./Drivers/STM32G4xx_HAL_Driver/Src/stm32g4xx_hal_uart.o
 .debug_rnglists
                0x00001166       0x7f ./Drivers/STM32G4xx_HAL_Driver/Src/stm32g4xx_hal_uart_ex.o

.debug_macro    0x00000000    0x2a1ee
 .debug_macro   0x00000000      0x325 ./Core/Src/BaseSystem.o
 .debug_macro   0x00000325      0xaba ./Core/Src/BaseSystem.o
 .debug_macro   0x00000ddf      0x161 ./Core/Src/BaseSystem.o
 .debug_macro   0x00000f40       0x2e ./Core/Src/BaseSystem.o
 .debug_macro   0x00000f6e       0x28 ./Core/Src/BaseSystem.o
 .debug_macro   0x00000f96       0x22 ./Core/Src/BaseSystem.o
 .debug_macro   0x00000fb8       0x8e ./Core/Src/BaseSystem.o
 .debug_macro   0x00001046       0x51 ./Core/Src/BaseSystem.o
 .debug_macro   0x00001097      0x103 ./Core/Src/BaseSystem.o
 .debug_macro   0x0000119a       0x6a ./Core/Src/BaseSystem.o
 .debug_macro   0x00001204      0x1df ./Core/Src/BaseSystem.o
 .debug_macro   0x000013e3       0x1c ./Core/Src/BaseSystem.o
 .debug_macro   0x000013ff       0x22 ./Core/Src/BaseSystem.o
 .debug_macro   0x00001421       0xfb ./Core/Src/BaseSystem.o
 .debug_macro   0x0000151c     0x1011 ./Core/Src/BaseSystem.o
 .debug_macro   0x0000252d      0x11f ./Core/Src/BaseSystem.o
 .debug_macro   0x0000264c    0x18b45 ./Core/Src/BaseSystem.o
 .debug_macro   0x0001b191       0x6d ./Core/Src/BaseSystem.o
 .debug_macro   0x0001b1fe     0x354d ./Core/Src/BaseSystem.o
 .debug_macro   0x0001e74b      0x189 ./Core/Src/BaseSystem.o
 .debug_macro   0x0001e8d4       0x5c ./Core/Src/BaseSystem.o
 .debug_macro   0x0001e930     0x171f ./Core/Src/BaseSystem.o
 .debug_macro   0x0002004f      0x600 ./Core/Src/BaseSystem.o
 .debug_macro   0x0002064f      0x1b6 ./Core/Src/BaseSystem.o
 .debug_macro   0x00020805      0x34a ./Core/Src/BaseSystem.o
 .debug_macro   0x00020b4f      0x53c ./Core/Src/BaseSystem.o
 .debug_macro   0x0002108b      0x18b ./Core/Src/BaseSystem.o
 .debug_macro   0x00021216       0x43 ./Core/Src/BaseSystem.o
 .debug_macro   0x00021259      0x23d ./Core/Src/BaseSystem.o
 .debug_macro   0x00021496     0x1112 ./Core/Src/BaseSystem.o
 .debug_macro   0x000225a8      0x72e ./Core/Src/BaseSystem.o
 .debug_macro   0x00022cd6      0x391 ./Core/Src/BaseSystem.o
 .debug_macro   0x00023067      0x211 ./Core/Src/BaseSystem.o
 .debug_macro   0x00023278      0x45c ./Core/Src/BaseSystem.o
 .debug_macro   0x000236d4      0x11c ./Core/Src/BaseSystem.o
 .debug_macro   0x000237f0      0x122 ./Core/Src/BaseSystem.o
 .debug_macro   0x00023912      0x3d1 ./Core/Src/BaseSystem.o
 .debug_macro   0x00023ce3      0xc0b ./Core/Src/BaseSystem.o
 .debug_macro   0x000248ee      0x718 ./Core/Src/BaseSystem.o
 .debug_macro   0x00025006      0x69a ./Core/Src/BaseSystem.o